╭───────────────────── Traceback (most recent call last) ──────────────────────╮
│ /home/lpassoni/Vggt/SpectraBreast-Vision/spectra/cli.py:211 in full_cmd      │
│                                                                              │
│   208 │                                                                      │
│   209 │   from .orchestrator import run_full                                 │
│   210 │                                                                      │
│ ❱ 211 │   run_full(cfg, force_cpu=force_cpu, force_vision=force_vision,      │
│       dry_run=dry_run)                                                       │
│   212                                                                        │
│   213                                                                        │
│   214 #                                                                      │
│       ====================================================================== │
│       =======                                                                │
│                                                                              │
│ /home/lpassoni/Vggt/SpectraBreast-Vision/spectra/orchestrator.py:269 in      │
│ run_full                                                                     │
│                                                                              │
│   266 │   │   │   │   print("[orchestrator][dry-run] Would run vision        │
│       stage.")                                                               │
│   267 │   │   │   │   out["vision"] = {"skipped": False, "dry_run": True}    │
│   268 │   │   │   else:                                                      │
│ ❱ 269 │   │   │   │   out["vision"] = run_vision_stage(cfg,                  │
│       sample_name=sample)                                                    │
│   270 │   else:                                                              │
│   271 │   │   print("[orchestrator] Vision stage disabled (not in            │
│       cfg.stages).")                                                         │
│   272                                                                        │
│                                                                              │
│ /home/lpassoni/Vggt/SpectraBreast-Vision/spectra/orchestrator.py:170 in      │
│ run_vision_stage                                                             │
│                                                                              │
│   167 │   sample = sample_name or cfg.sample_name                            │
│   168 │   print(f"\n[orchestrator] Vision stage for sample={sample!r}")      │
│   169 │   t0 = time.time()                                                   │
│ ❱ 170 │   result = run_reconstruction(cfg.vision)                            │
│   171 │   dt = time.time() - t0                                              │
│   172 │   print(f"[orchestrator] Vision finished in {dt:.1f}s —              │
│       run_dir={result.run_dir}")                                             │
│   173 │   return {"run_dir": Path(result.run_dir), "skipped": False,         │
│       "elapsed_s": dt}                                                       │
│                                                                              │
│ /home/lpassoni/Vggt/SpectraBreast-Vision/spectra/vision/pipeline.py:419 in   │
│ run_reconstruction                                                           │
│                                                                              │
│    416 │                                                                     │
│    417 │   _log_step("Step 3/6 - Running VGGT")                              │
│    418 │   _timer.begin("Step 3/6 - VGGT backend")                           │
│ ❱  419 │   raw = _run_backend(cfg, backend_inputs)                           │
│    420 │   print(                                                            │
│    421 │   │   f"Backend produced                                            │
│        [green]{raw.fused_points.shape[0]:,}[/green] fused points; "          │
│    422 │   │   f"frame = [green]{raw.frame_description}[/green]"             │
│                                                                              │
│ /home/lpassoni/Vggt/SpectraBreast-Vision/spectra/vision/pipeline.py:227 in   │
│ _run_backend                                                                 │
│                                                                              │
│    224 def _run_backend(cfg: ReconstructionConfig, inputs) ->                │
│        RawReconstruction:                                                    │
│    225 │   from .backends.vggt_backend import run_vggt                       │
│    226 │                                                                     │
│ ❱  227 │   return run_vggt(cfg, inputs)                                      │
│    228                                                                       │
│    229                                                                       │
│    230 def _refuse_with_ba_delta(                                            │
│                                                                              │
│ /home/lpassoni/Vggt/SpectraBreast-Vision/spectra/vision/backends/vggt_backen │
│ d.py:328 in run_vggt                                                         │
│                                                                              │
│   325 │   filelist = [str(p) for p in image_paths]                           │
│   326 │                                                                      │
│   327 │   # --- Load model + preprocess                                      │
│       -------------------------------------------                            │
│ ❱ 328 │   model, images = _load_model_and_preprocess(vcfg, filelist, device) │
│   329 │   network_h, network_w = int(images.shape[-2]),                      │
│       int(images.shape[-1])                                                  │
│   330 │                                                                      │
│   331 │   # --- Forward                                                      │
│       -----------------------------------------------------------            │
│                                                                              │
│ /home/lpassoni/Vggt/SpectraBreast-Vision/spectra/vision/backends/vggt_backen │
│ d.py:252 in _load_model_and_preprocess                                       │
│                                                                              │
│   249 │   │   │   │   │   "checkpoint (VGGTOmega has no from_pretrained)."   │
│   250 │   │   │   │   )                                                      │
│   251 │   │   try:                                                           │
│ ❱ 252 │   │   │   images = load_and_preprocess_images(                       │
│   253 │   │   │   │   filelist, image_resolution=vcfg.image_resolution,      │
│       mode=vcfg.preprocess_mode                                              │
│   254 │   │   │   )                                                          │
│   255 │   │   except TypeError:                                              │
│                                                                              │
│ /home/lpassoni/Vggt/SpectraBreast-Vision/vggt-omega/vggt_omega/utils/load_fn │
│ .py:25 in load_and_preprocess_images                                         │
│                                                                              │
│    22 │   if len(image_path_list) == 0:                                      │
│    23 │   │   raise ValueError("At least 1 image is required")               │
│    24 │   if mode not in ["balanced", "max_size"]:                           │
│ ❱  25 │   │   raise ValueError("Mode must be either 'balanced' or            │
│       'max_size'")                                                           │
│    26 │   if image_resolution <= 0:                                          │
│    27 │   │   raise ValueError("image_resolution must be positive")          │
│    28 │   if patch_size <= 0:                                                │
╰──────────────────────────────────────────────────────────────────────────────╯
ValueError: Mode must be either 'balanced' or 'max_size'
