==============================================
  Spectra run (uv, no Singularity)
  Job ID  : 3175
  Node    : mufasa2.e4-cluster.lan
  Start   : Mon Jul 20 02:56:55 PM CEST 2026
==============================================
  Repo    : /home/lpassoni/Vggt/SpectraBreast-Vision
  Python  : Python 3.12.13
  Torch   : 2.12.0+cu130
  CUDA ok : True
  TMPDIR  : /home/lpassoni/.cache/tmp
==============================================

[orchestrator] Vision stage for sample='TETTA'
Step 1/6 - Preparing run folder and loading inputs
Run directory: RESULTS/TETTA/vision_06
Loaded 25 images with GT poses and GT intrinsics
Step 2/6 - Detecting ArUco markers
Detected 85 markers across 25 views.
Step 3/6 - Running VGGT
[green]OmniVGGT: conditioning on 25 known camera poses + intrinsics.[/green]
Backend produced 605,090 fused points; frame = omnivggt
Step 4/6 - Jointly bundle-adjusting ArUco markers + cameras (rigid squares)
Bundle adjustment: 4 markers, 340 obs, reproj RMSE 491879.250 -> 45276.527 px 
(1000 iters)
Warning: very large initial DLT reprojection error — the ArUco detections and 
backend cameras likely live in inconsistent coordinate systems (check intrinsics
/ image orientation / padding).
ArUco geometric QC: best-fit plane RMS 0.22 mm; corners reprojected with output 
cameras → RMSE 360.329 px (max 780.187, p95 648.362, n=96)
ArUco alignment applied: markers=4, scale=1.000000 (applied=1.000000), 
MAD=0.000016
 V_all=25  aligned_poses.shape=(25, 4, 4)  reject_flag=True  
aruco_alignment_is_none=False  plane_frame_is_none=False  markers_empty=False
View rejection skipped: would keep 0 views (minimum 2).
Step 5/6 - Reconstructing single-surface height field
Surface: 386,683 vertices, 615,295 triangles, grid 1776x1596 @ step 0.005290
Output frame: world +Z points down (Z negated).
Step 6/6 - Writing outputs and logging to Rerun
Checking if we should log the surface cloud to Open3D
Vision timings saved → RESULTS/TETTA/vision_06/timings.json
Done in 105.3 s. Outputs: RESULTS/TETTA/vision_06
[orchestrator] Vision finished in 105.3s — run_dir=RESULTS/TETTA/vision_06
Vision finished: RESULTS/TETTA/vision_06
==============================================
  Run finished : Mon Jul 20 02:58:48 PM CEST 2026
==============================================
