╭───────────────────── Traceback (most recent call last) ──────────────────────╮
│ /home/lpassoni/Vggt/SpectraBreast-Vision/spectra/cli.py:182 in               │
│ registration_cmd                                                             │
│                                                                              │
│   179 │                                                                      │
│   180 │   from .orchestrator import run_registration_stage                   │
│   181 │                                                                      │
│ ❱ 182 │   run_registration_stage(cfg, force_cpu=force_cpu, dry_run=dry_run)  │
│   183                                                                        │
│   184                                                                        │
│   185 #                                                                      │
│       ====================================================================== │
│       =======                                                                │
│                                                                              │
│ /home/lpassoni/Vggt/SpectraBreast-Vision/spectra/orchestrator.py:191 in      │
│ run_registration_stage                                                       │
│                                                                              │
│   188 │   print(f"\n[orchestrator] Registration stage for sample={sample!r}  │
│       "                                                                      │
│   189 │   │     f"(mode={cfg.registration.mode!r})")                         │
│   190 │   t0 = time.time()                                                   │
│ ❱ 191 │   result = run_registration(                                         │
│   192 │   │   cfg.registration,                                              │
│   193 │   │   sample_name=sample,                                            │
│   194 │   │   data_root=cfg.data_root,                                       │
│                                                                              │
│ /home/lpassoni/Vggt/SpectraBreast-Vision/spectra/registration/runner.py:217  │
│ in run_registration                                                          │
│                                                                              │
│   214 │   if errors:                                                         │
│   215 │   │   for e in errors:                                               │
│   216 │   │   │   print(f"[Validate] MISSING — {e}")                         │
│ ❱ 217 │   │   raise FileNotFoundError(                                       │
│   218 │   │   │   f"Registration cannot start: {len(errors)} input file(s)   │
│       missing."                                                              │
│   219 │   │   )                                                              │
│   220                                                                        │
╰──────────────────────────────────────────────────────────────────────────────╯
FileNotFoundError: Registration cannot start: 1 input file(s) missing.
