╭───────────────────── Traceback (most recent call last) ──────────────────────╮
│ /home/lpassoni/Vggt/SpectraBreast-Vision/spectra/cli.py:211 in full_cmd      │
│                                                                              │
│   208 │                                                                      │
│   209 │   from .orchestrator import run_full                                 │
│   210 │                                                                      │
│ ❱ 211 │   run_full(cfg, force_cpu=force_cpu, force_vision=force_vision,      │
│       dry_run=dry_run)                                                       │
│   212                                                                        │
│   213                                                                        │
│   214 #                                                                      │
│       ====================================================================== │
│       =======                                                                │
│                                                                              │
│ /home/lpassoni/Vggt/SpectraBreast-Vision/spectra/orchestrator.py:269 in      │
│ run_full                                                                     │
│                                                                              │
│   266 │   │   │   │   print("[orchestrator][dry-run] Would run vision        │
│       stage.")                                                               │
│   267 │   │   │   │   out["vision"] = {"skipped": False, "dry_run": True}    │
│   268 │   │   │   else:                                                      │
│ ❱ 269 │   │   │   │   out["vision"] = run_vision_stage(cfg,                  │
│       sample_name=sample)                                                    │
│   270 │   else:                                                              │
│   271 │   │   print("[orchestrator] Vision stage disabled (not in            │
│       cfg.stages).")                                                         │
│   272                                                                        │
│                                                                              │
│ /home/lpassoni/Vggt/SpectraBreast-Vision/spectra/orchestrator.py:170 in      │
│ run_vision_stage                                                             │
│                                                                              │
│   167 │   sample = sample_name or cfg.sample_name                            │
│   168 │   print(f"\n[orchestrator] Vision stage for sample={sample!r}")      │
│   169 │   t0 = time.time()                                                   │
│ ❱ 170 │   result = run_reconstruction(cfg.vision)                            │
│   171 │   dt = time.time() - t0                                              │
│   172 │   print(f"[orchestrator] Vision finished in {dt:.1f}s —              │
│       run_dir={result.run_dir}")                                             │
│   173 │   return {"run_dir": Path(result.run_dir), "skipped": False,         │
│       "elapsed_s": dt}                                                       │
│                                                                              │
│ /home/lpassoni/Vggt/SpectraBreast-Vision/spectra/vision/pipeline.py:419 in   │
│ run_reconstruction                                                           │
│                                                                              │
│    416 │                                                                     │
│    417 │   _log_step("Step 3/6 - Running VGGT")                              │
│    418 │   _timer.begin("Step 3/6 - VGGT backend")                           │
│ ❱  419 │   raw = _run_backend(cfg, backend_inputs)                           │
│    420 │   print(                                                            │
│    421 │   │   f"Backend produced                                            │
│        [green]{raw.fused_points.shape[0]:,}[/green] fused points; "          │
│    422 │   │   f"frame = [green]{raw.frame_description}[/green]"             │
│                                                                              │
│ /home/lpassoni/Vggt/SpectraBreast-Vision/spectra/vision/pipeline.py:227 in   │
│ _run_backend                                                                 │
│                                                                              │
│    224 def _run_backend(cfg: ReconstructionConfig, inputs) ->                │
│        RawReconstruction:                                                    │
│    225 │   from .backends.vggt_backend import run_vggt                       │
│    226 │                                                                     │
│ ❱  227 │   return run_vggt(cfg, inputs)                                      │
│    228                                                                       │
│    229                                                                       │
│    230 def _refuse_with_ba_delta(                                            │
│                                                                              │
│ /home/lpassoni/Vggt/SpectraBreast-Vision/spectra/vision/backends/vggt_backen │
│ d.py:328 in run_vggt                                                         │
│                                                                              │
│   325 │   filelist = [str(p) for p in image_paths]                           │
│   326 │                                                                      │
│   327 │   # --- Load model + preprocess                                      │
│       -------------------------------------------                            │
│ ❱ 328 │   model, images = _load_model_and_preprocess(vcfg, filelist, device) │
│   329 │   network_h, network_w = int(images.shape[-2]),                      │
│       int(images.shape[-1])                                                  │
│   330 │                                                                      │
│   331 │   # --- Forward                                                      │
│       -----------------------------------------------------------            │
│                                                                              │
│ /home/lpassoni/Vggt/SpectraBreast-Vision/spectra/vision/backends/vggt_backen │
│ d.py:239 in _load_model_and_preprocess                                       │
│                                                                              │
│   236 │   │                                                                  │
│   237 │   │   if vcfg.checkpoint_path:                                       │
│   238 │   │   │   model = VGGTOmega()                                        │
│ ❱ 239 │   │   │   state = torch.load(vcfg.checkpoint_path,                   │
│       map_location="cpu")                                                    │
│   240 │   │   │   state = state.get("model", state) if isinstance(state,     │
│       dict) else state                                                       │
│   241 │   │   │   model.load_state_dict(state)                               │
│   242 │   │   else:                                                          │
│                                                                              │
│ /home/lpassoni/Vggt/SpectraBreast-Vision/.venv/lib/python3.12/site-packages/ │
│ torch/serialization.py:1530 in load                                          │
│                                                                              │
│   1527 │   if "encoding" not in pickle_load_args:                            │
│   1528 │   │   pickle_load_args["encoding"] = "utf-8"                        │
│   1529 │                                                                     │
│ ❱ 1530 │   with _open_file_like(f, "rb") as opened_file:                     │
│   1531 │   │   if _is_zipfile(opened_file):                                  │
│   1532 │   │   │   # The zipfile reader is going to advance the current file │
│        position.                                                             │
│   1533 │   │   │   # If we want to actually tail call to torch.jit.load, we  │
│        need to                                                               │
│                                                                              │
│ /home/lpassoni/Vggt/SpectraBreast-Vision/.venv/lib/python3.12/site-packages/ │
│ torch/serialization.py:795 in _open_file_like                                │
│                                                                              │
│    792                                                                       │
│    793 def _open_file_like(name_or_buffer: FileLike, mode: str) ->           │
│        _opener[IO[bytes]]:                                                   │
│    794 │   if _is_path(name_or_buffer):                                      │
│ ❱  795 │   │   return _open_file(name_or_buffer, mode)                       │
│    796 │   else:                                                             │
│    797 │   │   if "w" in mode:                                               │
│    798 │   │   │   return _open_buffer_writer(name_or_buffer)                │
│                                                                              │
│ /home/lpassoni/Vggt/SpectraBreast-Vision/.venv/lib/python3.12/site-packages/ │
│ torch/serialization.py:776 in __init__                                       │
│                                                                              │
│    773                                                                       │
│    774 class _open_file(_opener[IO[bytes]]):                                 │
│    775 │   def __init__(self, name: str | os.PathLike[str], mode: str) ->    │
│        None:                                                                 │
│ ❱  776 │   │   super().__init__(open(name, mode))  # noqa: SIM115            │
│    777 │                                                                     │
│    778 │   def __exit__(self, *args):                                        │
│    779 │   │   self.file_like.close()                                        │
╰──────────────────────────────────────────────────────────────────────────────╯
FileNotFoundError: [Errno 2] No such file or directory: 
'/home/lpassoni/Vggt/SpectraBreast-Vision/vggt_omega_1b_512.pt'
