==============================================
  Spectra run (uv, no Singularity)
  Job ID  : 2977
  Node    : mufasa2.e4-cluster.lan
  Start   : Mon Jul 13 01:21:11 PM CEST 2026
==============================================
  Python  : Python 3.12.3
  Torch   : 2.12.0+cu130
  CUDA ok : True
==============================================

====================================================================
  SPECTRA FULL — sample='RUBIK'
  data_root    : DATA
  results_root : RESULTS
  stages       : ['vision', 'registration']
  reg mode     : roi
====================================================================

[orchestrator] Vision outputs already exist at RESULTS/RUBIK/vision — skipping vision stage.
  (use --force-vision to re-run vision anyway)

[orchestrator] Registration stage for sample='RUBIK' (mode='roi')
[Validate] MISSING — HSI .hdr not found: DATA/input_registration/RUBIK/RUBIK_raw.hdr
[Validate] MISSING — ArUco JSON not found: RESULTS/RUBIK/vision/aruco_markers_3D.json
[Validate] MISSING — LiveView PNG not found: DATA/input_registration/RUBIK/RUBIK_raw.png
