Using cache found in /home/lpassoni/.cache/torch/hub/facebookresearch_dinov2_main
/home/lpassoni/.cache/torch/hub/facebookresearch_dinov2_main/dinov2/layers/swiglu_ffn.py:51: UserWarning: xFormers is not available (SwiGLU)
  warnings.warn("xFormers is not available (SwiGLU)")
/home/lpassoni/.cache/torch/hub/facebookresearch_dinov2_main/dinov2/layers/attention.py:33: UserWarning: xFormers is not available (Attention)
  warnings.warn("xFormers is not available (Attention)")
/home/lpassoni/.cache/torch/hub/facebookresearch_dinov2_main/dinov2/layers/block.py:40: UserWarning: xFormers is not available (Block)
  warnings.warn("xFormers is not available (Block)")
╭───────────────────── Traceback (most recent call last) ──────────────────────╮
│ /home/lpassoni/Vggt/SpectraBreast-Vision/spectra/cli.py:136 in vision_cmd    │
│                                                                              │
│   133 │   │   │   │   │   │   │   │     help="Resolve paths and print the    │
│       config without running."),                                             │
│   134 ) -> None:                                                             │
│   135 │   """Run only the VGGT + ArUco vision stage."""                      │
│ ❱ 136 │   _execute_vision(config, sample, set_override, dry_run)             │
│   137                                                                        │
│   138                                                                        │
│   139 @app.command("recon", hidden=True)                                     │
│                                                                              │
│ /home/lpassoni/Vggt/SpectraBreast-Vision/spectra/cli.py:120 in               │
│ _execute_vision                                                              │
│                                                                              │
│   117 │   │   print("[bold]Dry-run — vision config resolved:[/bold]")        │
│   118 │   │   print(cfg.vision.model_dump(mode="python"))                    │
│   119 │   │   return                                                         │
│ ❱ 120 │   result = run_vision_stage(cfg)                                     │
│   121 │   print(f"[green]Vision finished:[/green] {result['run_dir']}")      │
│   122                                                                        │
│   123                                                                        │
│                                                                              │
│ /home/lpassoni/Vggt/SpectraBreast-Vision/spectra/orchestrator.py:180 in      │
│ run_vision_stage                                                             │
│                                                                              │
│   177 │   sample = sample_name or cfg.sample_name                            │
│   178 │   print(f"\n[orchestrator] Vision stage for sample={sample!r}")      │
│   179 │   t0 = time.time()                                                   │
│ ❱ 180 │   result = run_reconstruction(cfg.vision)                            │
│   181 │   dt = time.time() - t0                                              │
│   182 │   print(f"[orchestrator] Vision finished in {dt:.1f}s —              │
│       run_dir={result.run_dir}")                                             │
│   183 │   return {"run_dir": Path(result.run_dir), "skipped": False,         │
│       "elapsed_s": dt}                                                       │
│                                                                              │
│ /home/lpassoni/Vggt/SpectraBreast-Vision/spectra/vision/pipeline.py:424 in   │
│ run_reconstruction                                                           │
│                                                                              │
│    421 │                                                                     │
│    422 │   _log_step("Step 3/6 - Running VGGT")                              │
│    423 │   _timer.begin("Step 3/6 - VGGT backend")                           │
│ ❱  424 │   raw = _run_backend(cfg, backend_inputs)                           │
│    425 │   print(                                                            │
│    426 │   │   f"Backend produced                                            │
│        [green]{raw.fused_points.shape[0]:,}[/green] fused points; "          │
│    427 │   │   f"frame = [green]{raw.frame_description}[/green]"             │
│                                                                              │
│ /home/lpassoni/Vggt/SpectraBreast-Vision/spectra/vision/pipeline.py:228 in   │
│ _run_backend                                                                 │
│                                                                              │
│    225 │   if cfg.vggt.impl == "omni":                                       │
│    226 │   │   from .backends.omnivggt_backend import run_omnivggt           │
│    227 │   │                                                                 │
│ ❱  228 │   │   return run_omnivggt(cfg, inputs)                              │
│    229 │                                                                     │
│    230 │   from .backends.vggt_backend import run_vggt                       │
│    231                                                                       │
│                                                                              │
│ /home/lpassoni/Vggt/SpectraBreast-Vision/spectra/vision/backends/omnivggt_ba │
│ ckend.py:253 in run_omnivggt                                                 │
│                                                                              │
│   250 │   ]                                                                  │
│   251 │                                                                      │
│   252 │   # --- Load model + preprocess                                      │
│       -------------------------------------------                            │
│ ❱ 253 │   model = _load_omnivggt(vcfg, device)                               │
│   254 │   images = _preprocess_images(orig_rgb).to(device)  # [S,3,H,W] in   │
│       [0,1]                                                                  │
│   255 │   network_h, network_w = int(images.shape[-2]),                      │
│       int(images.shape[-1])                                                  │
│   256                                                                        │
│                                                                              │
│ /home/lpassoni/Vggt/SpectraBreast-Vision/spectra/vision/backends/omnivggt_ba │
│ ckend.py:91 in _load_omnivggt                                                │
│                                                                              │
│    88 │   │   else:                                                          │
│    89 │   │   │   state = torch.load(ckpt, map_location="cpu")               │
│    90 │   │   │   state = state.get("model", state) if isinstance(state,     │
│       dict) else state                                                       │
│ ❱  91 │   │   model.load_state_dict(state, strict=True)                      │
│    92 │   else:                                                              │
│    93 │   │   if not hasattr(OmniVGGT, "from_pretrained"):                   │
│    94 │   │   │   raise RuntimeError(                                        │
│                                                                              │
│ /home/lpassoni/Vggt/SpectraBreast-Vision/.venv/lib/python3.12/site-packages/ │
│ torch/nn/modules/module.py:2638 in load_state_dict                           │
│                                                                              │
│   2635 │   │   │   │   )                                                     │
│   2636 │   │                                                                 │
│   2637 │   │   if len(error_msgs) > 0:                                       │
│ ❱ 2638 │   │   │   raise RuntimeError(                                       │
│   2639 │   │   │   │   "Error(s) in loading state_dict for                   │
│        {}:\n\t{}".format(                                                    │
│   2640 │   │   │   │   │   self.__class__.__name__, "\n\t".join(error_msgs)  │
│   2641 │   │   │   │   )                                                     │
╰──────────────────────────────────────────────────────────────────────────────╯
RuntimeError: Error(s) in loading state_dict for OmniVGGT:
        Missing key(s) in state_dict: "aggregator.depth_placeholder", 
"aggregator.patch_embed.pos_embed", "aggregator.patch_embed.register_tokens", 
"aggregator.global_blocks.0.norm1.weight", 
"aggregator.global_blocks.0.norm1.bias", 
"aggregator.global_blocks.0.attn.qkv.weight", 
"aggregator.global_blocks.0.attn.qkv.bias", 
"aggregator.global_blocks.0.attn.q_norm.weight", 
"aggregator.global_blocks.0.attn.q_norm.bias", 
"aggregator.global_blocks.0.attn.k_norm.weight", 
"aggregator.global_blocks.0.attn.k_norm.bias", 
"aggregator.global_blocks.0.attn.proj.weight", 
"aggregator.global_blocks.0.attn.proj.bias", 
"aggregator.global_blocks.0.ls1.gamma", 
"aggregator.global_blocks.0.norm2.weight", 
"aggregator.global_blocks.0.norm2.bias", 
"aggregator.global_blocks.0.mlp.fc1.weight", 
"aggregator.global_blocks.0.mlp.fc1.bias", 
"aggregator.global_blocks.0.mlp.fc2.weight", 
"aggregator.global_blocks.0.mlp.fc2.bias", 
"aggregator.global_blocks.0.ls2.gamma", 
"aggregator.global_blocks.1.norm1.weight", 
"aggregator.global_blocks.1.norm1.bias", 
"aggregator.global_blocks.1.attn.qkv.weight", 
"aggregator.global_blocks.1.attn.qkv.bias", 
"aggregator.global_blocks.1.attn.q_norm.weight", 
"aggregator.global_blocks.1.attn.q_norm.bias", 
"aggregator.global_blocks.1.attn.k_norm.weight", 
"aggregator.global_blocks.1.attn.k_norm.bias", 
"aggregator.global_blocks.1.attn.proj.weight", 
"aggregator.global_blocks.1.attn.proj.bias", 
"aggregator.global_blocks.1.ls1.gamma", 
"aggregator.global_blocks.1.norm2.weight", 
"aggregator.global_blocks.1.norm2.bias", 
"aggregator.global_blocks.1.mlp.fc1.weight", 
"aggregator.global_blocks.1.mlp.fc1.bias", 
"aggregator.global_blocks.1.mlp.fc2.weight", 
"aggregator.global_blocks.1.mlp.fc2.bias", 
"aggregator.global_blocks.1.ls2.gamma", 
"aggregator.global_blocks.2.norm1.weight", 
"aggregator.global_blocks.2.norm1.bias", 
"aggregator.global_blocks.2.attn.qkv.weight", 
"aggregator.global_blocks.2.attn.qkv.bias", 
"aggregator.global_blocks.2.attn.q_norm.weight", 
"aggregator.global_blocks.2.attn.q_norm.bias", 
"aggregator.global_blocks.2.attn.k_norm.weight", 
"aggregator.global_blocks.2.attn.k_norm.bias", 
"aggregator.global_blocks.2.attn.proj.weight", 
"aggregator.global_blocks.2.attn.proj.bias", 
"aggregator.global_blocks.2.ls1.gamma", 
"aggregator.global_blocks.2.norm2.weight", 
"aggregator.global_blocks.2.norm2.bias", 
"aggregator.global_blocks.2.mlp.fc1.weight", 
"aggregator.global_blocks.2.mlp.fc1.bias", 
"aggregator.global_blocks.2.mlp.fc2.weight", 
"aggregator.global_blocks.2.mlp.fc2.bias", 
"aggregator.global_blocks.2.ls2.gamma", 
"aggregator.global_blocks.3.norm1.weight", 
"aggregator.global_blocks.3.norm1.bias", 
"aggregator.global_blocks.3.attn.qkv.weight", 
"aggregator.global_blocks.3.attn.qkv.bias", 
"aggregator.global_blocks.3.attn.q_norm.weight", 
"aggregator.global_blocks.3.attn.q_norm.bias", 
"aggregator.global_blocks.3.attn.k_norm.weight", 
"aggregator.global_blocks.3.attn.k_norm.bias", 
"aggregator.global_blocks.3.attn.proj.weight", 
"aggregator.global_blocks.3.attn.proj.bias", 
"aggregator.global_blocks.3.ls1.gamma", 
"aggregator.global_blocks.3.norm2.weight", 
"aggregator.global_blocks.3.norm2.bias", 
"aggregator.global_blocks.3.mlp.fc1.weight", 
"aggregator.global_blocks.3.mlp.fc1.bias", 
"aggregator.global_blocks.3.mlp.fc2.weight", 
"aggregator.global_blocks.3.mlp.fc2.bias", 
"aggregator.global_blocks.3.ls2.gamma", 
"aggregator.global_blocks.4.norm1.weight", 
"aggregator.global_blocks.4.norm1.bias", 
"aggregator.global_blocks.4.attn.qkv.weight", 
"aggregator.global_blocks.4.attn.qkv.bias", 
"aggregator.global_blocks.4.attn.q_norm.weight", 
"aggregator.global_blocks.4.attn.q_norm.bias", 
"aggregator.global_blocks.4.attn.k_norm.weight", 
"aggregator.global_blocks.4.attn.k_norm.bias", 
"aggregator.global_blocks.4.attn.proj.weight", 
"aggregator.global_blocks.4.attn.proj.bias", 
"aggregator.global_blocks.4.ls1.gamma", 
"aggregator.global_blocks.4.norm2.weight", 
"aggregator.global_blocks.4.norm2.bias", 
"aggregator.global_blocks.4.mlp.fc1.weight", 
"aggregator.global_blocks.4.mlp.fc1.bias", 
"aggregator.global_blocks.4.mlp.fc2.weight", 
"aggregator.global_blocks.4.mlp.fc2.bias", 
"aggregator.global_blocks.4.ls2.gamma", 
"aggregator.global_blocks.5.norm1.weight", 
"aggregator.global_blocks.5.norm1.bias", 
"aggregator.global_blocks.5.attn.qkv.weight", 
"aggregator.global_blocks.5.attn.qkv.bias", 
"aggregator.global_blocks.5.attn.q_norm.weight", 
"aggregator.global_blocks.5.attn.q_norm.bias", 
"aggregator.global_blocks.5.attn.k_norm.weight", 
"aggregator.global_blocks.5.attn.k_norm.bias", 
"aggregator.global_blocks.5.attn.proj.weight", 
"aggregator.global_blocks.5.attn.proj.bias", 
"aggregator.global_blocks.5.ls1.gamma", 
"aggregator.global_blocks.5.norm2.weight", 
"aggregator.global_blocks.5.norm2.bias", 
"aggregator.global_blocks.5.mlp.fc1.weight", 
"aggregator.global_blocks.5.mlp.fc1.bias", 
"aggregator.global_blocks.5.mlp.fc2.weight", 
"aggregator.global_blocks.5.mlp.fc2.bias", 
"aggregator.global_blocks.5.ls2.gamma", 
"aggregator.global_blocks.6.norm1.weight", 
"aggregator.global_blocks.6.norm1.bias", 
"aggregator.global_blocks.6.attn.qkv.weight", 
"aggregator.global_blocks.6.attn.qkv.bias", 
"aggregator.global_blocks.6.attn.q_norm.weight", 
"aggregator.global_blocks.6.attn.q_norm.bias", 
"aggregator.global_blocks.6.attn.k_norm.weight", 
"aggregator.global_blocks.6.attn.k_norm.bias", 
"aggregator.global_blocks.6.attn.proj.weight", 
"aggregator.global_blocks.6.attn.proj.bias", 
"aggregator.global_blocks.6.ls1.gamma", 
"aggregator.global_blocks.6.norm2.weight", 
"aggregator.global_blocks.6.norm2.bias", 
"aggregator.global_blocks.6.mlp.fc1.weight", 
"aggregator.global_blocks.6.mlp.fc1.bias", 
"aggregator.global_blocks.6.mlp.fc2.weight", 
"aggregator.global_blocks.6.mlp.fc2.bias", 
"aggregator.global_blocks.6.ls2.gamma", 
"aggregator.global_blocks.7.norm1.weight", 
"aggregator.global_blocks.7.norm1.bias", 
"aggregator.global_blocks.7.attn.qkv.weight", 
"aggregator.global_blocks.7.attn.qkv.bias", 
"aggregator.global_blocks.7.attn.q_norm.weight", 
"aggregator.global_blocks.7.attn.q_norm.bias", 
"aggregator.global_blocks.7.attn.k_norm.weight", 
"aggregator.global_blocks.7.attn.k_norm.bias", 
"aggregator.global_blocks.7.attn.proj.weight", 
"aggregator.global_blocks.7.attn.proj.bias", 
"aggregator.global_blocks.7.ls1.gamma", 
"aggregator.global_blocks.7.norm2.weight", 
"aggregator.global_blocks.7.norm2.bias", 
"aggregator.global_blocks.7.mlp.fc1.weight", 
"aggregator.global_blocks.7.mlp.fc1.bias", 
"aggregator.global_blocks.7.mlp.fc2.weight", 
"aggregator.global_blocks.7.mlp.fc2.bias", 
"aggregator.global_blocks.7.ls2.gamma", 
"aggregator.global_blocks.8.norm1.weight", 
"aggregator.global_blocks.8.norm1.bias", 
"aggregator.global_blocks.8.attn.qkv.weight", 
"aggregator.global_blocks.8.attn.qkv.bias", 
"aggregator.global_blocks.8.attn.q_norm.weight", 
"aggregator.global_blocks.8.attn.q_norm.bias", 
"aggregator.global_blocks.8.attn.k_norm.weight", 
"aggregator.global_blocks.8.attn.k_norm.bias", 
"aggregator.global_blocks.8.attn.proj.weight", 
"aggregator.global_blocks.8.attn.proj.bias", 
"aggregator.global_blocks.8.ls1.gamma", 
"aggregator.global_blocks.8.norm2.weight", 
"aggregator.global_blocks.8.norm2.bias", 
"aggregator.global_blocks.8.mlp.fc1.weight", 
"aggregator.global_blocks.8.mlp.fc1.bias", 
"aggregator.global_blocks.8.mlp.fc2.weight", 
"aggregator.global_blocks.8.mlp.fc2.bias", 
"aggregator.global_blocks.8.ls2.gamma", 
"aggregator.global_blocks.9.norm1.weight", 
"aggregator.global_blocks.9.norm1.bias", 
"aggregator.global_blocks.9.attn.qkv.weight", 
"aggregator.global_blocks.9.attn.qkv.bias", 
"aggregator.global_blocks.9.attn.q_norm.weight", 
"aggregator.global_blocks.9.attn.q_norm.bias", 
"aggregator.global_blocks.9.attn.k_norm.weight", 
"aggregator.global_blocks.9.attn.k_norm.bias", 
"aggregator.global_blocks.9.attn.proj.weight", 
"aggregator.global_blocks.9.attn.proj.bias", 
"aggregator.global_blocks.9.ls1.gamma", 
"aggregator.global_blocks.9.norm2.weight", 
"aggregator.global_blocks.9.norm2.bias", 
"aggregator.global_blocks.9.mlp.fc1.weight", 
"aggregator.global_blocks.9.mlp.fc1.bias", 
"aggregator.global_blocks.9.mlp.fc2.weight", 
"aggregator.global_blocks.9.mlp.fc2.bias", 
"aggregator.global_blocks.9.ls2.gamma", 
"aggregator.global_blocks.10.norm1.weight", 
"aggregator.global_blocks.10.norm1.bias", 
"aggregator.global_blocks.10.attn.qkv.weight", 
"aggregator.global_blocks.10.attn.qkv.bias", 
"aggregator.global_blocks.10.attn.q_norm.weight", 
"aggregator.global_blocks.10.attn.q_norm.bias", 
"aggregator.global_blocks.10.attn.k_norm.weight", 
"aggregator.global_blocks.10.attn.k_norm.bias", 
"aggregator.global_blocks.10.attn.proj.weight", 
"aggregator.global_blocks.10.attn.proj.bias", 
"aggregator.global_blocks.10.ls1.gamma", 
"aggregator.global_blocks.10.norm2.weight", 
"aggregator.global_blocks.10.norm2.bias", 
"aggregator.global_blocks.10.mlp.fc1.weight", 
"aggregator.global_blocks.10.mlp.fc1.bias", 
"aggregator.global_blocks.10.mlp.fc2.weight", 
"aggregator.global_blocks.10.mlp.fc2.bias", 
"aggregator.global_blocks.10.ls2.gamma", 
"aggregator.global_blocks.11.norm1.weight", 
"aggregator.global_blocks.11.norm1.bias", 
"aggregator.global_blocks.11.attn.qkv.weight", 
"aggregator.global_blocks.11.attn.qkv.bias", 
"aggregator.global_blocks.11.attn.q_norm.weight", 
"aggregator.global_blocks.11.attn.q_norm.bias", 
"aggregator.global_blocks.11.attn.k_norm.weight", 
"aggregator.global_blocks.11.attn.k_norm.bias", 
"aggregator.global_blocks.11.attn.proj.weight", 
"aggregator.global_blocks.11.attn.proj.bias", 
"aggregator.global_blocks.11.ls1.gamma", 
"aggregator.global_blocks.11.norm2.weight", 
"aggregator.global_blocks.11.norm2.bias", 
"aggregator.global_blocks.11.mlp.fc1.weight", 
"aggregator.global_blocks.11.mlp.fc1.bias", 
"aggregator.global_blocks.11.mlp.fc2.weight", 
"aggregator.global_blocks.11.mlp.fc2.bias", 
"aggregator.global_blocks.11.ls2.gamma", 
"aggregator.global_blocks.12.norm1.weight", 
"aggregator.global_blocks.12.norm1.bias", 
"aggregator.global_blocks.12.attn.qkv.weight", 
"aggregator.global_blocks.12.attn.qkv.bias", 
"aggregator.global_blocks.12.attn.q_norm.weight", 
"aggregator.global_blocks.12.attn.q_norm.bias", 
"aggregator.global_blocks.12.attn.k_norm.weight", 
"aggregator.global_blocks.12.attn.k_norm.bias", 
"aggregator.global_blocks.12.attn.proj.weight", 
"aggregator.global_blocks.12.attn.proj.bias", 
"aggregator.global_blocks.12.ls1.gamma", 
"aggregator.global_blocks.12.norm2.weight", 
"aggregator.global_blocks.12.norm2.bias", 
"aggregator.global_blocks.12.mlp.fc1.weight", 
"aggregator.global_blocks.12.mlp.fc1.bias", 
"aggregator.global_blocks.12.mlp.fc2.weight", 
"aggregator.global_blocks.12.mlp.fc2.bias", 
"aggregator.global_blocks.12.ls2.gamma", 
"aggregator.global_blocks.13.norm1.weight", 
"aggregator.global_blocks.13.norm1.bias", 
"aggregator.global_blocks.13.attn.qkv.weight", 
"aggregator.global_blocks.13.attn.qkv.bias", 
"aggregator.global_blocks.13.attn.q_norm.weight", 
"aggregator.global_blocks.13.attn.q_norm.bias", 
"aggregator.global_blocks.13.attn.k_norm.weight", 
"aggregator.global_blocks.13.attn.k_norm.bias", 
"aggregator.global_blocks.13.attn.proj.weight", 
"aggregator.global_blocks.13.attn.proj.bias", 
"aggregator.global_blocks.13.ls1.gamma", 
"aggregator.global_blocks.13.norm2.weight", 
"aggregator.global_blocks.13.norm2.bias", 
"aggregator.global_blocks.13.mlp.fc1.weight", 
"aggregator.global_blocks.13.mlp.fc1.bias", 
"aggregator.global_blocks.13.mlp.fc2.weight", 
"aggregator.global_blocks.13.mlp.fc2.bias", 
"aggregator.global_blocks.13.ls2.gamma", 
"aggregator.global_blocks.14.norm1.weight", 
"aggregator.global_blocks.14.norm1.bias", 
"aggregator.global_blocks.14.attn.qkv.weight", 
"aggregator.global_blocks.14.attn.qkv.bias", 
"aggregator.global_blocks.14.attn.q_norm.weight", 
"aggregator.global_blocks.14.attn.q_norm.bias", 
"aggregator.global_blocks.14.attn.k_norm.weight", 
"aggregator.global_blocks.14.attn.k_norm.bias", 
"aggregator.global_blocks.14.attn.proj.weight", 
"aggregator.global_blocks.14.attn.proj.bias", 
"aggregator.global_blocks.14.ls1.gamma", 
"aggregator.global_blocks.14.norm2.weight", 
"aggregator.global_blocks.14.norm2.bias", 
"aggregator.global_blocks.14.mlp.fc1.weight", 
"aggregator.global_blocks.14.mlp.fc1.bias", 
"aggregator.global_blocks.14.mlp.fc2.weight", 
"aggregator.global_blocks.14.mlp.fc2.bias", 
"aggregator.global_blocks.14.ls2.gamma", 
"aggregator.global_blocks.15.norm1.weight", 
"aggregator.global_blocks.15.norm1.bias", 
"aggregator.global_blocks.15.attn.qkv.weight", 
"aggregator.global_blocks.15.attn.qkv.bias", 
"aggregator.global_blocks.15.attn.q_norm.weight", 
"aggregator.global_blocks.15.attn.q_norm.bias", 
"aggregator.global_blocks.15.attn.k_norm.weight", 
"aggregator.global_blocks.15.attn.k_norm.bias", 
"aggregator.global_blocks.15.attn.proj.weight", 
"aggregator.global_blocks.15.attn.proj.bias", 
"aggregator.global_blocks.15.ls1.gamma", 
"aggregator.global_blocks.15.norm2.weight", 
"aggregator.global_blocks.15.norm2.bias", 
"aggregator.global_blocks.15.mlp.fc1.weight", 
"aggregator.global_blocks.15.mlp.fc1.bias", 
"aggregator.global_blocks.15.mlp.fc2.weight", 
"aggregator.global_blocks.15.mlp.fc2.bias", 
"aggregator.global_blocks.15.ls2.gamma", 
"aggregator.global_blocks.16.norm1.weight", 
"aggregator.global_blocks.16.norm1.bias", 
"aggregator.global_blocks.16.attn.qkv.weight", 
"aggregator.global_blocks.16.attn.qkv.bias", 
"aggregator.global_blocks.16.attn.q_norm.weight", 
"aggregator.global_blocks.16.attn.q_norm.bias", 
"aggregator.global_blocks.16.attn.k_norm.weight", 
"aggregator.global_blocks.16.attn.k_norm.bias", 
"aggregator.global_blocks.16.attn.proj.weight", 
"aggregator.global_blocks.16.attn.proj.bias", 
"aggregator.global_blocks.16.ls1.gamma", 
"aggregator.global_blocks.16.norm2.weight", 
"aggregator.global_blocks.16.norm2.bias", 
"aggregator.global_blocks.16.mlp.fc1.weight", 
"aggregator.global_blocks.16.mlp.fc1.bias", 
"aggregator.global_blocks.16.mlp.fc2.weight", 
"aggregator.global_blocks.16.mlp.fc2.bias", 
"aggregator.global_blocks.16.ls2.gamma", 
"aggregator.global_blocks.17.norm1.weight", 
"aggregator.global_blocks.17.norm1.bias", 
"aggregator.global_blocks.17.attn.qkv.weight", 
"aggregator.global_blocks.17.attn.qkv.bias", 
"aggregator.global_blocks.17.attn.q_norm.weight", 
"aggregator.global_blocks.17.attn.q_norm.bias", 
"aggregator.global_blocks.17.attn.k_norm.weight", 
"aggregator.global_blocks.17.attn.k_norm.bias", 
"aggregator.global_blocks.17.attn.proj.weight", 
"aggregator.global_blocks.17.attn.proj.bias", 
"aggregator.global_blocks.17.ls1.gamma", 
"aggregator.global_blocks.17.norm2.weight", 
"aggregator.global_blocks.17.norm2.bias", 
"aggregator.global_blocks.17.mlp.fc1.weight", 
"aggregator.global_blocks.17.mlp.fc1.bias", 
"aggregator.global_blocks.17.mlp.fc2.weight", 
"aggregator.global_blocks.17.mlp.fc2.bias", 
"aggregator.global_blocks.17.ls2.gamma", 
"aggregator.global_blocks.18.norm1.weight", 
"aggregator.global_blocks.18.norm1.bias", 
"aggregator.global_blocks.18.attn.qkv.weight", 
"aggregator.global_blocks.18.attn.qkv.bias", 
"aggregator.global_blocks.18.attn.q_norm.weight", 
"aggregator.global_blocks.18.attn.q_norm.bias", 
"aggregator.global_blocks.18.attn.k_norm.weight", 
"aggregator.global_blocks.18.attn.k_norm.bias", 
"aggregator.global_blocks.18.attn.proj.weight", 
"aggregator.global_blocks.18.attn.proj.bias", 
"aggregator.global_blocks.18.ls1.gamma", 
"aggregator.global_blocks.18.norm2.weight", 
"aggregator.global_blocks.18.norm2.bias", 
"aggregator.global_blocks.18.mlp.fc1.weight", 
"aggregator.global_blocks.18.mlp.fc1.bias", 
"aggregator.global_blocks.18.mlp.fc2.weight", 
"aggregator.global_blocks.18.mlp.fc2.bias", 
"aggregator.global_blocks.18.ls2.gamma", 
"aggregator.global_blocks.19.norm1.weight", 
"aggregator.global_blocks.19.norm1.bias", 
"aggregator.global_blocks.19.attn.qkv.weight", 
"aggregator.global_blocks.19.attn.qkv.bias", 
"aggregator.global_blocks.19.attn.q_norm.weight", 
"aggregator.global_blocks.19.attn.q_norm.bias", 
"aggregator.global_blocks.19.attn.k_norm.weight", 
"aggregator.global_blocks.19.attn.k_norm.bias", 
"aggregator.global_blocks.19.attn.proj.weight", 
"aggregator.global_blocks.19.attn.proj.bias", 
"aggregator.global_blocks.19.ls1.gamma", 
"aggregator.global_blocks.19.norm2.weight", 
"aggregator.global_blocks.19.norm2.bias", 
"aggregator.global_blocks.19.mlp.fc1.weight", 
"aggregator.global_blocks.19.mlp.fc1.bias", 
"aggregator.global_blocks.19.mlp.fc2.weight", 
"aggregator.global_blocks.19.mlp.fc2.bias", 
"aggregator.global_blocks.19.ls2.gamma", 
"aggregator.global_blocks.20.norm1.weight", 
"aggregator.global_blocks.20.norm1.bias", 
"aggregator.global_blocks.20.attn.qkv.weight", 
"aggregator.global_blocks.20.attn.qkv.bias", 
"aggregator.global_blocks.20.attn.q_norm.weight", 
"aggregator.global_blocks.20.attn.q_norm.bias", 
"aggregator.global_blocks.20.attn.k_norm.weight", 
"aggregator.global_blocks.20.attn.k_norm.bias", 
"aggregator.global_blocks.20.attn.proj.weight", 
"aggregator.global_blocks.20.attn.proj.bias", 
"aggregator.global_blocks.20.ls1.gamma", 
"aggregator.global_blocks.20.norm2.weight", 
"aggregator.global_blocks.20.norm2.bias", 
"aggregator.global_blocks.20.mlp.fc1.weight", 
"aggregator.global_blocks.20.mlp.fc1.bias", 
"aggregator.global_blocks.20.mlp.fc2.weight", 
"aggregator.global_blocks.20.mlp.fc2.bias", 
"aggregator.global_blocks.20.ls2.gamma", 
"aggregator.global_blocks.21.norm1.weight", 
"aggregator.global_blocks.21.norm1.bias", 
"aggregator.global_blocks.21.attn.qkv.weight", 
"aggregator.global_blocks.21.attn.qkv.bias", 
"aggregator.global_blocks.21.attn.q_norm.weight", 
"aggregator.global_blocks.21.attn.q_norm.bias", 
"aggregator.global_blocks.21.attn.k_norm.weight", 
"aggregator.global_blocks.21.attn.k_norm.bias", 
"aggregator.global_blocks.21.attn.proj.weight", 
"aggregator.global_blocks.21.attn.proj.bias", 
"aggregator.global_blocks.21.ls1.gamma", 
"aggregator.global_blocks.21.norm2.weight", 
"aggregator.global_blocks.21.norm2.bias", 
"aggregator.global_blocks.21.mlp.fc1.weight", 
"aggregator.global_blocks.21.mlp.fc1.bias", 
"aggregator.global_blocks.21.mlp.fc2.weight", 
"aggregator.global_blocks.21.mlp.fc2.bias", 
"aggregator.global_blocks.21.ls2.gamma", 
"aggregator.global_blocks.22.norm1.weight", 
"aggregator.global_blocks.22.norm1.bias", 
"aggregator.global_blocks.22.attn.qkv.weight", 
"aggregator.global_blocks.22.attn.qkv.bias", 
"aggregator.global_blocks.22.attn.q_norm.weight", 
"aggregator.global_blocks.22.attn.q_norm.bias", 
"aggregator.global_blocks.22.attn.k_norm.weight", 
"aggregator.global_blocks.22.attn.k_norm.bias", 
"aggregator.global_blocks.22.attn.proj.weight", 
"aggregator.global_blocks.22.attn.proj.bias", 
"aggregator.global_blocks.22.ls1.gamma", 
"aggregator.global_blocks.22.norm2.weight", 
"aggregator.global_blocks.22.norm2.bias", 
"aggregator.global_blocks.22.mlp.fc1.weight", 
"aggregator.global_blocks.22.mlp.fc1.bias", 
"aggregator.global_blocks.22.mlp.fc2.weight", 
"aggregator.global_blocks.22.mlp.fc2.bias", 
"aggregator.global_blocks.22.ls2.gamma", 
"aggregator.global_blocks.23.norm1.weight", 
"aggregator.global_blocks.23.norm1.bias", 
"aggregator.global_blocks.23.attn.qkv.weight", 
"aggregator.global_blocks.23.attn.qkv.bias", 
"aggregator.global_blocks.23.attn.q_norm.weight", 
"aggregator.global_blocks.23.attn.q_norm.bias", 
"aggregator.global_blocks.23.attn.k_norm.weight", 
"aggregator.global_blocks.23.attn.k_norm.bias", 
"aggregator.global_blocks.23.attn.proj.weight", 
"aggregator.global_blocks.23.attn.proj.bias", 
"aggregator.global_blocks.23.ls1.gamma", 
"aggregator.global_blocks.23.norm2.weight", 
"aggregator.global_blocks.23.norm2.bias", 
"aggregator.global_blocks.23.mlp.fc1.weight", 
"aggregator.global_blocks.23.mlp.fc1.bias", 
"aggregator.global_blocks.23.mlp.fc2.weight", 
"aggregator.global_blocks.23.mlp.fc2.bias", 
"aggregator.global_blocks.23.ls2.gamma", "aggregator.pose_embeddings.0.weight", 
"aggregator.pose_embeddings.0.bias", "aggregator.pose_embeddings.1.weight", 
"aggregator.pose_embeddings.1.bias", "aggregator.pose_embeddings.2.weight", 
"aggregator.pose_embeddings.2.bias", "aggregator.pose_embeddings.3.weight", 
"aggregator.pose_embeddings.3.bias", "aggregator.pose_embeddings.4.weight", 
"aggregator.pose_embeddings.4.bias", "aggregator.pose_embeddings.5.weight", 
"aggregator.pose_embeddings.5.bias", "aggregator.pose_embeddings.6.weight", 
"aggregator.pose_embeddings.6.bias", "aggregator.pose_embeddings.7.weight", 
"aggregator.pose_embeddings.7.bias", "aggregator.pose_embeddings.8.weight", 
"aggregator.pose_embeddings.8.bias", "aggregator.pose_embeddings.9.weight", 
"aggregator.pose_embeddings.9.bias", "aggregator.pose_embeddings.10.weight", 
"aggregator.pose_embeddings.10.bias", "aggregator.pose_embeddings.11.weight", 
"aggregator.pose_embeddings.11.bias", "aggregator.pose_embeddings.12.weight", 
"aggregator.pose_embeddings.12.bias", "aggregator.pose_embeddings.13.weight", 
"aggregator.pose_embeddings.13.bias", "aggregator.pose_embeddings.14.weight", 
"aggregator.pose_embeddings.14.bias", "aggregator.pose_embeddings.15.weight", 
"aggregator.pose_embeddings.15.bias", "aggregator.pose_embeddings.16.weight", 
"aggregator.pose_embeddings.16.bias", "aggregator.pose_embeddings.17.weight", 
"aggregator.pose_embeddings.17.bias", "aggregator.pose_embeddings.18.weight", 
"aggregator.pose_embeddings.18.bias", "aggregator.pose_embeddings.19.weight", 
"aggregator.pose_embeddings.19.bias", "aggregator.pose_embeddings.20.weight", 
"aggregator.pose_embeddings.20.bias", "aggregator.pose_embeddings.21.weight", 
"aggregator.pose_embeddings.21.bias", "aggregator.pose_embeddings.22.weight", 
"aggregator.pose_embeddings.22.bias", "aggregator.pose_embeddings.23.weight", 
"aggregator.pose_embeddings.23.bias", "aggregator.pose_embeddings.24.weight", 
"aggregator.pose_embeddings.24.bias", "aggregator.camera_adapters.0.weight", 
"aggregator.camera_adapters.0.bias", "aggregator.camera_adapters.1.weight", 
"aggregator.camera_adapters.1.bias", "aggregator.camera_adapters.2.weight", 
"aggregator.camera_adapters.2.bias", "aggregator.camera_adapters.3.weight", 
"aggregator.camera_adapters.3.bias", "aggregator.camera_adapters.4.weight", 
"aggregator.camera_adapters.4.bias", "aggregator.camera_adapters.5.weight", 
"aggregator.camera_adapters.5.bias", "aggregator.camera_adapters.6.weight", 
"aggregator.camera_adapters.6.bias", "aggregator.camera_adapters.7.weight", 
"aggregator.camera_adapters.7.bias", "aggregator.camera_adapters.8.weight", 
"aggregator.camera_adapters.8.bias", "aggregator.camera_adapters.9.weight", 
"aggregator.camera_adapters.9.bias", "aggregator.camera_adapters.10.weight", 
"aggregator.camera_adapters.10.bias", "aggregator.camera_adapters.11.weight", 
"aggregator.camera_adapters.11.bias", "aggregator.camera_adapters.12.weight", 
"aggregator.camera_adapters.12.bias", "aggregator.camera_adapters.13.weight", 
"aggregator.camera_adapters.13.bias", "aggregator.camera_adapters.14.weight", 
"aggregator.camera_adapters.14.bias", "aggregator.camera_adapters.15.weight", 
"aggregator.camera_adapters.15.bias", "aggregator.camera_adapters.16.weight", 
"aggregator.camera_adapters.16.bias", "aggregator.camera_adapters.17.weight", 
"aggregator.camera_adapters.17.bias", "aggregator.camera_adapters.18.weight", 
"aggregator.camera_adapters.18.bias", "aggregator.camera_adapters.19.weight", 
"aggregator.camera_adapters.19.bias", "aggregator.camera_adapters.20.weight", 
"aggregator.camera_adapters.20.bias", "aggregator.camera_adapters.21.weight", 
"aggregator.camera_adapters.21.bias", "aggregator.camera_adapters.22.weight", 
"aggregator.camera_adapters.22.bias", "aggregator.camera_adapters.23.weight", 
"aggregator.camera_adapters.23.bias", "aggregator.camera_adapters.24.weight", 
"aggregator.camera_adapters.24.bias", 
"aggregator.depth_patch_embed.proj.weight", 
"aggregator.depth_patch_embed.proj.bias", "camera_head.empty_pose_tokens", 
"camera_head.embed_pose.weight", "camera_head.embed_pose.bias", 
"camera_head.poseLN_modulation.1.weight", 
"camera_head.poseLN_modulation.1.bias", "camera_head.pose_branch.fc1.weight", 
"camera_head.pose_branch.fc1.bias", "camera_head.pose_branch.fc2.weight", 
"camera_head.pose_branch.fc2.bias", "point_head.norm.weight", 
"point_head.norm.bias", "point_head.projects.0.weight", 
"point_head.projects.0.bias", "point_head.projects.1.weight", 
"point_head.projects.1.bias", "point_head.projects.2.weight", 
"point_head.projects.2.bias", "point_head.projects.3.weight", 
"point_head.projects.3.bias", "point_head.resize_layers.0.weight", 
"point_head.resize_layers.0.bias", "point_head.resize_layers.1.weight", 
"point_head.resize_layers.1.bias", "point_head.resize_layers.3.weight", 
"point_head.resize_layers.3.bias", "point_head.scratch.layer1_rn.weight", 
"point_head.scratch.layer2_rn.weight", "point_head.scratch.layer3_rn.weight", 
"point_head.scratch.layer4_rn.weight", 
"point_head.scratch.refinenet1.out_conv.weight", 
"point_head.scratch.refinenet1.out_conv.bias", 
"point_head.scratch.refinenet1.resConfUnit1.conv1.weight", 
"point_head.scratch.refinenet1.resConfUnit1.conv1.bias", 
"point_head.scratch.refinenet1.resConfUnit1.conv2.weight", 
"point_head.scratch.refinenet1.resConfUnit1.conv2.bias", 
"point_head.scratch.refinenet1.resConfUnit2.conv1.weight", 
"point_head.scratch.refinenet1.resConfUnit2.conv1.bias", 
"point_head.scratch.refinenet1.resConfUnit2.conv2.weight", 
"point_head.scratch.refinenet1.resConfUnit2.conv2.bias", 
"point_head.scratch.refinenet2.out_conv.weight", 
"point_head.scratch.refinenet2.out_conv.bias", 
"point_head.scratch.refinenet2.resConfUnit1.conv1.weight", 
"point_head.scratch.refinenet2.resConfUnit1.conv1.bias", 
"point_head.scratch.refinenet2.resConfUnit1.conv2.weight", 
"point_head.scratch.refinenet2.resConfUnit1.conv2.bias", 
"point_head.scratch.refinenet2.resConfUnit2.conv1.weight", 
"point_head.scratch.refinenet2.resConfUnit2.conv1.bias", 
"point_head.scratch.refinenet2.resConfUnit2.conv2.weight", 
"point_head.scratch.refinenet2.resConfUnit2.conv2.bias", 
"point_head.scratch.refinenet3.out_conv.weight", 
"point_head.scratch.refinenet3.out_conv.bias", 
"point_head.scratch.refinenet3.resConfUnit1.conv1.weight", 
"point_head.scratch.refinenet3.resConfUnit1.conv1.bias", 
"point_head.scratch.refinenet3.resConfUnit1.conv2.weight", 
"point_head.scratch.refinenet3.resConfUnit1.conv2.bias", 
"point_head.scratch.refinenet3.resConfUnit2.conv1.weight", 
"point_head.scratch.refinenet3.resConfUnit2.conv1.bias", 
"point_head.scratch.refinenet3.resConfUnit2.conv2.weight", 
"point_head.scratch.refinenet3.resConfUnit2.conv2.bias", 
"point_head.scratch.refinenet4.out_conv.weight", 
"point_head.scratch.refinenet4.out_conv.bias", 
"point_head.scratch.refinenet4.resConfUnit2.conv1.weight", 
"point_head.scratch.refinenet4.resConfUnit2.conv1.bias", 
"point_head.scratch.refinenet4.resConfUnit2.conv2.weight", 
"point_head.scratch.refinenet4.resConfUnit2.conv2.bias", 
"point_head.scratch.output_conv1.weight", 
"point_head.scratch.output_conv1.bias", 
"point_head.scratch.output_conv2.0.weight", 
"point_head.scratch.output_conv2.0.bias", 
"point_head.scratch.output_conv2.2.weight", 
"point_head.scratch.output_conv2.2.bias", "depth_head.norm.weight", 
"depth_head.norm.bias", "depth_head.projects.0.weight", 
"depth_head.projects.0.bias", "depth_head.projects.1.weight", 
"depth_head.projects.1.bias", "depth_head.projects.2.weight", 
"depth_head.projects.2.bias", "depth_head.projects.3.weight", 
"depth_head.projects.3.bias", "depth_head.resize_layers.0.weight", 
"depth_head.resize_layers.0.bias", "depth_head.resize_layers.1.weight", 
"depth_head.resize_layers.1.bias", "depth_head.resize_layers.3.weight", 
"depth_head.resize_layers.3.bias", "depth_head.scratch.layer1_rn.weight", 
"depth_head.scratch.layer2_rn.weight", "depth_head.scratch.layer3_rn.weight", 
"depth_head.scratch.layer4_rn.weight", 
"depth_head.scratch.refinenet1.out_conv.weight", 
"depth_head.scratch.refinenet1.out_conv.bias", 
"depth_head.scratch.refinenet1.resConfUnit1.conv1.weight", 
"depth_head.scratch.refinenet1.resConfUnit1.conv1.bias", 
"depth_head.scratch.refinenet1.resConfUnit1.conv2.weight", 
"depth_head.scratch.refinenet1.resConfUnit1.conv2.bias", 
"depth_head.scratch.refinenet1.resConfUnit2.conv1.weight", 
"depth_head.scratch.refinenet1.resConfUnit2.conv1.bias", 
"depth_head.scratch.refinenet1.resConfUnit2.conv2.weight", 
"depth_head.scratch.refinenet1.resConfUnit2.conv2.bias", 
"depth_head.scratch.refinenet2.out_conv.weight", 
"depth_head.scratch.refinenet2.out_conv.bias", 
"depth_head.scratch.refinenet2.resConfUnit1.conv1.weight", 
"depth_head.scratch.refinenet2.resConfUnit1.conv1.bias", 
"depth_head.scratch.refinenet2.resConfUnit1.conv2.weight", 
"depth_head.scratch.refinenet2.resConfUnit1.conv2.bias", 
"depth_head.scratch.refinenet2.resConfUnit2.conv1.weight", 
"depth_head.scratch.refinenet2.resConfUnit2.conv1.bias", 
"depth_head.scratch.refinenet2.resConfUnit2.conv2.weight", 
"depth_head.scratch.refinenet2.resConfUnit2.conv2.bias", 
"depth_head.scratch.refinenet3.out_conv.weight", 
"depth_head.scratch.refinenet3.out_conv.bias", 
"depth_head.scratch.refinenet3.resConfUnit1.conv1.weight", 
"depth_head.scratch.refinenet3.resConfUnit1.conv1.bias", 
"depth_head.scratch.refinenet3.resConfUnit1.conv2.weight", 
"depth_head.scratch.refinenet3.resConfUnit1.conv2.bias", 
"depth_head.scratch.refinenet3.resConfUnit2.conv1.weight", 
"depth_head.scratch.refinenet3.resConfUnit2.conv1.bias", 
"depth_head.scratch.refinenet3.resConfUnit2.conv2.weight", 
"depth_head.scratch.refinenet3.resConfUnit2.conv2.bias", 
"depth_head.scratch.refinenet4.out_conv.weight", 
"depth_head.scratch.refinenet4.out_conv.bias", 
"depth_head.scratch.refinenet4.resConfUnit2.conv1.weight", 
"depth_head.scratch.refinenet4.resConfUnit2.conv1.bias", 
"depth_head.scratch.refinenet4.resConfUnit2.conv2.weight", 
"depth_head.scratch.refinenet4.resConfUnit2.conv2.bias", 
"depth_head.scratch.output_conv1.weight", 
"depth_head.scratch.output_conv1.bias", 
"depth_head.scratch.output_conv2.0.weight", 
"depth_head.scratch.output_conv2.0.bias", 
"depth_head.scratch.output_conv2.2.weight", 
"depth_head.scratch.output_conv2.2.bias". 
        Unexpected key(s) in state_dict: "dense_head.norm.weight", 
"dense_head.norm.bias", "dense_head.projects.0.weight", 
"dense_head.projects.0.bias", "dense_head.projects.1.weight", 
"dense_head.projects.1.bias", "dense_head.projects.2.weight", 
"dense_head.projects.2.bias", "dense_head.projects.3.weight", 
"dense_head.projects.3.bias", "dense_head.resize_layers.0.weight", 
"dense_head.resize_layers.0.bias", "dense_head.resize_layers.1.weight", 
"dense_head.resize_layers.1.bias", "dense_head.resize_layers.3.weight", 
"dense_head.resize_layers.3.bias", "dense_head.scratch.layer1_rn.weight", 
"dense_head.scratch.layer2_rn.weight", "dense_head.scratch.layer3_rn.weight", 
"dense_head.scratch.layer4_rn.weight", 
"dense_head.scratch.refinenet1.out_conv.weight", 
"dense_head.scratch.refinenet1.out_conv.bias", 
"dense_head.scratch.refinenet1.resConfUnit1.conv1.weight", 
"dense_head.scratch.refinenet1.resConfUnit1.conv1.bias", 
"dense_head.scratch.refinenet1.resConfUnit1.conv2.weight", 
"dense_head.scratch.refinenet1.resConfUnit1.conv2.bias", 
"dense_head.scratch.refinenet1.resConfUnit2.conv1.weight", 
"dense_head.scratch.refinenet1.resConfUnit2.conv1.bias", 
"dense_head.scratch.refinenet1.resConfUnit2.conv2.weight", 
"dense_head.scratch.refinenet1.resConfUnit2.conv2.bias", 
"dense_head.scratch.refinenet2.out_conv.weight", 
"dense_head.scratch.refinenet2.out_conv.bias", 
"dense_head.scratch.refinenet2.resConfUnit1.conv1.weight", 
"dense_head.scratch.refinenet2.resConfUnit1.conv1.bias", 
"dense_head.scratch.refinenet2.resConfUnit1.conv2.weight", 
"dense_head.scratch.refinenet2.resConfUnit1.conv2.bias", 
"dense_head.scratch.refinenet2.resConfUnit2.conv1.weight", 
"dense_head.scratch.refinenet2.resConfUnit2.conv1.bias", 
"dense_head.scratch.refinenet2.resConfUnit2.conv2.weight", 
"dense_head.scratch.refinenet2.resConfUnit2.conv2.bias", 
"dense_head.scratch.refinenet3.out_conv.weight", 
"dense_head.scratch.refinenet3.out_conv.bias", 
"dense_head.scratch.refinenet3.resConfUnit1.conv1.weight", 
"dense_head.scratch.refinenet3.resConfUnit1.conv1.bias", 
"dense_head.scratch.refinenet3.resConfUnit1.conv2.weight", 
"dense_head.scratch.refinenet3.resConfUnit1.conv2.bias", 
"dense_head.scratch.refinenet3.resConfUnit2.conv1.weight", 
"dense_head.scratch.refinenet3.resConfUnit2.conv1.bias", 
"dense_head.scratch.refinenet3.resConfUnit2.conv2.weight", 
"dense_head.scratch.refinenet3.resConfUnit2.conv2.bias", 
"dense_head.scratch.refinenet4.out_conv.weight", 
"dense_head.scratch.refinenet4.out_conv.bias", 
"dense_head.scratch.refinenet4.resConfUnit2.conv1.weight", 
"dense_head.scratch.refinenet4.resConfUnit2.conv1.bias", 
"dense_head.scratch.refinenet4.resConfUnit2.conv2.weight", 
"dense_head.scratch.refinenet4.resConfUnit2.conv2.bias", 
"dense_head.proj.weight", "dense_head.proj.bias", "dense_head.proj_conf.weight",
"dense_head.proj_conf.bias", "aggregator.rope_embed.periods", 
"aggregator.inter_frame_blocks.0.norm1.weight", 
"aggregator.inter_frame_blocks.0.norm1.bias", 
"aggregator.inter_frame_blocks.0.attn.q_norm.weight", 
"aggregator.inter_frame_blocks.0.attn.q_norm.bias", 
"aggregator.inter_frame_blocks.0.attn.k_norm.weight", 
"aggregator.inter_frame_blocks.0.attn.k_norm.bias", 
"aggregator.inter_frame_blocks.0.attn.qkv.weight", 
"aggregator.inter_frame_blocks.0.attn.qkv.bias", 
"aggregator.inter_frame_blocks.0.attn.qkv.bias_mask", 
"aggregator.inter_frame_blocks.0.attn.proj.weight", 
"aggregator.inter_frame_blocks.0.attn.proj.bias", 
"aggregator.inter_frame_blocks.0.ls1.gamma", 
"aggregator.inter_frame_blocks.0.norm2.weight", 
"aggregator.inter_frame_blocks.0.norm2.bias", 
"aggregator.inter_frame_blocks.0.mlp.fc1.weight", 
"aggregator.inter_frame_blocks.0.mlp.fc1.bias", 
"aggregator.inter_frame_blocks.0.mlp.fc2.weight", 
"aggregator.inter_frame_blocks.0.mlp.fc2.bias", 
"aggregator.inter_frame_blocks.0.ls2.gamma", 
"aggregator.inter_frame_blocks.1.norm1.weight", 
"aggregator.inter_frame_blocks.1.norm1.bias", 
"aggregator.inter_frame_blocks.1.attn.q_norm.weight", 
"aggregator.inter_frame_blocks.1.attn.q_norm.bias", 
"aggregator.inter_frame_blocks.1.attn.k_norm.weight", 
"aggregator.inter_frame_blocks.1.attn.k_norm.bias", 
"aggregator.inter_frame_blocks.1.attn.qkv.weight", 
"aggregator.inter_frame_blocks.1.attn.qkv.bias", 
"aggregator.inter_frame_blocks.1.attn.qkv.bias_mask", 
"aggregator.inter_frame_blocks.1.attn.proj.weight", 
"aggregator.inter_frame_blocks.1.attn.proj.bias", 
"aggregator.inter_frame_blocks.1.ls1.gamma", 
"aggregator.inter_frame_blocks.1.norm2.weight", 
"aggregator.inter_frame_blocks.1.norm2.bias", 
"aggregator.inter_frame_blocks.1.mlp.fc1.weight", 
"aggregator.inter_frame_blocks.1.mlp.fc1.bias", 
"aggregator.inter_frame_blocks.1.mlp.fc2.weight", 
"aggregator.inter_frame_blocks.1.mlp.fc2.bias", 
"aggregator.inter_frame_blocks.1.ls2.gamma", 
"aggregator.inter_frame_blocks.2.norm1.weight", 
"aggregator.inter_frame_blocks.2.norm1.bias", 
"aggregator.inter_frame_blocks.2.attn.q_norm.weight", 
"aggregator.inter_frame_blocks.2.attn.q_norm.bias", 
"aggregator.inter_frame_blocks.2.attn.k_norm.weight", 
"aggregator.inter_frame_blocks.2.attn.k_norm.bias", 
"aggregator.inter_frame_blocks.2.attn.qkv.weight", 
"aggregator.inter_frame_blocks.2.attn.qkv.bias", 
"aggregator.inter_frame_blocks.2.attn.qkv.bias_mask", 
"aggregator.inter_frame_blocks.2.attn.proj.weight", 
"aggregator.inter_frame_blocks.2.attn.proj.bias", 
"aggregator.inter_frame_blocks.2.ls1.gamma", 
"aggregator.inter_frame_blocks.2.norm2.weight", 
"aggregator.inter_frame_blocks.2.norm2.bias", 
"aggregator.inter_frame_blocks.2.mlp.fc1.weight", 
"aggregator.inter_frame_blocks.2.mlp.fc1.bias", 
"aggregator.inter_frame_blocks.2.mlp.fc2.weight", 
"aggregator.inter_frame_blocks.2.mlp.fc2.bias", 
"aggregator.inter_frame_blocks.2.ls2.gamma", 
"aggregator.inter_frame_blocks.3.norm1.weight", 
"aggregator.inter_frame_blocks.3.norm1.bias", 
"aggregator.inter_frame_blocks.3.attn.q_norm.weight", 
"aggregator.inter_frame_blocks.3.attn.q_norm.bias", 
"aggregator.inter_frame_blocks.3.attn.k_norm.weight", 
"aggregator.inter_frame_blocks.3.attn.k_norm.bias", 
"aggregator.inter_frame_blocks.3.attn.qkv.weight", 
"aggregator.inter_frame_blocks.3.attn.qkv.bias", 
"aggregator.inter_frame_blocks.3.attn.qkv.bias_mask", 
"aggregator.inter_frame_blocks.3.attn.proj.weight", 
"aggregator.inter_frame_blocks.3.attn.proj.bias", 
"aggregator.inter_frame_blocks.3.ls1.gamma", 
"aggregator.inter_frame_blocks.3.norm2.weight", 
"aggregator.inter_frame_blocks.3.norm2.bias", 
"aggregator.inter_frame_blocks.3.mlp.fc1.weight", 
"aggregator.inter_frame_blocks.3.mlp.fc1.bias", 
"aggregator.inter_frame_blocks.3.mlp.fc2.weight", 
"aggregator.inter_frame_blocks.3.mlp.fc2.bias", 
"aggregator.inter_frame_blocks.3.ls2.gamma", 
"aggregator.inter_frame_blocks.4.norm1.weight", 
"aggregator.inter_frame_blocks.4.norm1.bias", 
"aggregator.inter_frame_blocks.4.attn.q_norm.weight", 
"aggregator.inter_frame_blocks.4.attn.q_norm.bias", 
"aggregator.inter_frame_blocks.4.attn.k_norm.weight", 
"aggregator.inter_frame_blocks.4.attn.k_norm.bias", 
"aggregator.inter_frame_blocks.4.attn.qkv.weight", 
"aggregator.inter_frame_blocks.4.attn.qkv.bias", 
"aggregator.inter_frame_blocks.4.attn.qkv.bias_mask", 
"aggregator.inter_frame_blocks.4.attn.proj.weight", 
"aggregator.inter_frame_blocks.4.attn.proj.bias", 
"aggregator.inter_frame_blocks.4.ls1.gamma", 
"aggregator.inter_frame_blocks.4.norm2.weight", 
"aggregator.inter_frame_blocks.4.norm2.bias", 
"aggregator.inter_frame_blocks.4.mlp.fc1.weight", 
"aggregator.inter_frame_blocks.4.mlp.fc1.bias", 
"aggregator.inter_frame_blocks.4.mlp.fc2.weight", 
"aggregator.inter_frame_blocks.4.mlp.fc2.bias", 
"aggregator.inter_frame_blocks.4.ls2.gamma", 
"aggregator.inter_frame_blocks.5.norm1.weight", 
"aggregator.inter_frame_blocks.5.norm1.bias", 
"aggregator.inter_frame_blocks.5.attn.q_norm.weight", 
"aggregator.inter_frame_blocks.5.attn.q_norm.bias", 
"aggregator.inter_frame_blocks.5.attn.k_norm.weight", 
"aggregator.inter_frame_blocks.5.attn.k_norm.bias", 
"aggregator.inter_frame_blocks.5.attn.qkv.weight", 
"aggregator.inter_frame_blocks.5.attn.qkv.bias", 
"aggregator.inter_frame_blocks.5.attn.qkv.bias_mask", 
"aggregator.inter_frame_blocks.5.attn.proj.weight", 
"aggregator.inter_frame_blocks.5.attn.proj.bias", 
"aggregator.inter_frame_blocks.5.ls1.gamma", 
"aggregator.inter_frame_blocks.5.norm2.weight", 
"aggregator.inter_frame_blocks.5.norm2.bias", 
"aggregator.inter_frame_blocks.5.mlp.fc1.weight", 
"aggregator.inter_frame_blocks.5.mlp.fc1.bias", 
"aggregator.inter_frame_blocks.5.mlp.fc2.weight", 
"aggregator.inter_frame_blocks.5.mlp.fc2.bias", 
"aggregator.inter_frame_blocks.5.ls2.gamma", 
"aggregator.inter_frame_blocks.6.norm1.weight", 
"aggregator.inter_frame_blocks.6.norm1.bias", 
"aggregator.inter_frame_blocks.6.attn.q_norm.weight", 
"aggregator.inter_frame_blocks.6.attn.q_norm.bias", 
"aggregator.inter_frame_blocks.6.attn.k_norm.weight", 
"aggregator.inter_frame_blocks.6.attn.k_norm.bias", 
"aggregator.inter_frame_blocks.6.attn.qkv.weight", 
"aggregator.inter_frame_blocks.6.attn.qkv.bias", 
"aggregator.inter_frame_blocks.6.attn.qkv.bias_mask", 
"aggregator.inter_frame_blocks.6.attn.proj.weight", 
"aggregator.inter_frame_blocks.6.attn.proj.bias", 
"aggregator.inter_frame_blocks.6.ls1.gamma", 
"aggregator.inter_frame_blocks.6.norm2.weight", 
"aggregator.inter_frame_blocks.6.norm2.bias", 
"aggregator.inter_frame_blocks.6.mlp.fc1.weight", 
"aggregator.inter_frame_blocks.6.mlp.fc1.bias", 
"aggregator.inter_frame_blocks.6.mlp.fc2.weight", 
"aggregator.inter_frame_blocks.6.mlp.fc2.bias", 
"aggregator.inter_frame_blocks.6.ls2.gamma", 
"aggregator.inter_frame_blocks.7.norm1.weight", 
"aggregator.inter_frame_blocks.7.norm1.bias", 
"aggregator.inter_frame_blocks.7.attn.q_norm.weight", 
"aggregator.inter_frame_blocks.7.attn.q_norm.bias", 
"aggregator.inter_frame_blocks.7.attn.k_norm.weight", 
"aggregator.inter_frame_blocks.7.attn.k_norm.bias", 
"aggregator.inter_frame_blocks.7.attn.qkv.weight", 
"aggregator.inter_frame_blocks.7.attn.qkv.bias", 
"aggregator.inter_frame_blocks.7.attn.qkv.bias_mask", 
"aggregator.inter_frame_blocks.7.attn.proj.weight", 
"aggregator.inter_frame_blocks.7.attn.proj.bias", 
"aggregator.inter_frame_blocks.7.ls1.gamma", 
"aggregator.inter_frame_blocks.7.norm2.weight", 
"aggregator.inter_frame_blocks.7.norm2.bias", 
"aggregator.inter_frame_blocks.7.mlp.fc1.weight", 
"aggregator.inter_frame_blocks.7.mlp.fc1.bias", 
"aggregator.inter_frame_blocks.7.mlp.fc2.weight", 
"aggregator.inter_frame_blocks.7.mlp.fc2.bias", 
"aggregator.inter_frame_blocks.7.ls2.gamma", 
"aggregator.inter_frame_blocks.8.norm1.weight", 
"aggregator.inter_frame_blocks.8.norm1.bias", 
"aggregator.inter_frame_blocks.8.attn.q_norm.weight", 
"aggregator.inter_frame_blocks.8.attn.q_norm.bias", 
"aggregator.inter_frame_blocks.8.attn.k_norm.weight", 
"aggregator.inter_frame_blocks.8.attn.k_norm.bias", 
"aggregator.inter_frame_blocks.8.attn.qkv.weight", 
"aggregator.inter_frame_blocks.8.attn.qkv.bias", 
"aggregator.inter_frame_blocks.8.attn.qkv.bias_mask", 
"aggregator.inter_frame_blocks.8.attn.proj.weight", 
"aggregator.inter_frame_blocks.8.attn.proj.bias", 
"aggregator.inter_frame_blocks.8.ls1.gamma", 
"aggregator.inter_frame_blocks.8.norm2.weight", 
"aggregator.inter_frame_blocks.8.norm2.bias", 
"aggregator.inter_frame_blocks.8.mlp.fc1.weight", 
"aggregator.inter_frame_blocks.8.mlp.fc1.bias", 
"aggregator.inter_frame_blocks.8.mlp.fc2.weight", 
"aggregator.inter_frame_blocks.8.mlp.fc2.bias", 
"aggregator.inter_frame_blocks.8.ls2.gamma", 
"aggregator.inter_frame_blocks.9.norm1.weight", 
"aggregator.inter_frame_blocks.9.norm1.bias", 
"aggregator.inter_frame_blocks.9.attn.q_norm.weight", 
"aggregator.inter_frame_blocks.9.attn.q_norm.bias", 
"aggregator.inter_frame_blocks.9.attn.k_norm.weight", 
"aggregator.inter_frame_blocks.9.attn.k_norm.bias", 
"aggregator.inter_frame_blocks.9.attn.qkv.weight", 
"aggregator.inter_frame_blocks.9.attn.qkv.bias", 
"aggregator.inter_frame_blocks.9.attn.qkv.bias_mask", 
"aggregator.inter_frame_blocks.9.attn.proj.weight", 
"aggregator.inter_frame_blocks.9.attn.proj.bias", 
"aggregator.inter_frame_blocks.9.ls1.gamma", 
"aggregator.inter_frame_blocks.9.norm2.weight", 
"aggregator.inter_frame_blocks.9.norm2.bias", 
"aggregator.inter_frame_blocks.9.mlp.fc1.weight", 
"aggregator.inter_frame_blocks.9.mlp.fc1.bias", 
"aggregator.inter_frame_blocks.9.mlp.fc2.weight", 
"aggregator.inter_frame_blocks.9.mlp.fc2.bias", 
"aggregator.inter_frame_blocks.9.ls2.gamma", 
"aggregator.inter_frame_blocks.10.norm1.weight", 
"aggregator.inter_frame_blocks.10.norm1.bias", 
"aggregator.inter_frame_blocks.10.attn.q_norm.weight", 
"aggregator.inter_frame_blocks.10.attn.q_norm.bias", 
"aggregator.inter_frame_blocks.10.attn.k_norm.weight", 
"aggregator.inter_frame_blocks.10.attn.k_norm.bias", 
"aggregator.inter_frame_blocks.10.attn.qkv.weight", 
"aggregator.inter_frame_blocks.10.attn.qkv.bias", 
"aggregator.inter_frame_blocks.10.attn.qkv.bias_mask", 
"aggregator.inter_frame_blocks.10.attn.proj.weight", 
"aggregator.inter_frame_blocks.10.attn.proj.bias", 
"aggregator.inter_frame_blocks.10.ls1.gamma", 
"aggregator.inter_frame_blocks.10.norm2.weight", 
"aggregator.inter_frame_blocks.10.norm2.bias", 
"aggregator.inter_frame_blocks.10.mlp.fc1.weight", 
"aggregator.inter_frame_blocks.10.mlp.fc1.bias", 
"aggregator.inter_frame_blocks.10.mlp.fc2.weight", 
"aggregator.inter_frame_blocks.10.mlp.fc2.bias", 
"aggregator.inter_frame_blocks.10.ls2.gamma", 
"aggregator.inter_frame_blocks.11.norm1.weight", 
"aggregator.inter_frame_blocks.11.norm1.bias", 
"aggregator.inter_frame_blocks.11.attn.q_norm.weight", 
"aggregator.inter_frame_blocks.11.attn.q_norm.bias", 
"aggregator.inter_frame_blocks.11.attn.k_norm.weight", 
"aggregator.inter_frame_blocks.11.attn.k_norm.bias", 
"aggregator.inter_frame_blocks.11.attn.qkv.weight", 
"aggregator.inter_frame_blocks.11.attn.qkv.bias", 
"aggregator.inter_frame_blocks.11.attn.qkv.bias_mask", 
"aggregator.inter_frame_blocks.11.attn.proj.weight", 
"aggregator.inter_frame_blocks.11.attn.proj.bias", 
"aggregator.inter_frame_blocks.11.ls1.gamma", 
"aggregator.inter_frame_blocks.11.norm2.weight", 
"aggregator.inter_frame_blocks.11.norm2.bias", 
"aggregator.inter_frame_blocks.11.mlp.fc1.weight", 
"aggregator.inter_frame_blocks.11.mlp.fc1.bias", 
"aggregator.inter_frame_blocks.11.mlp.fc2.weight", 
"aggregator.inter_frame_blocks.11.mlp.fc2.bias", 
"aggregator.inter_frame_blocks.11.ls2.gamma", 
"aggregator.inter_frame_blocks.12.norm1.weight", 
"aggregator.inter_frame_blocks.12.norm1.bias", 
"aggregator.inter_frame_blocks.12.attn.q_norm.weight", 
"aggregator.inter_frame_blocks.12.attn.q_norm.bias", 
"aggregator.inter_frame_blocks.12.attn.k_norm.weight", 
"aggregator.inter_frame_blocks.12.attn.k_norm.bias", 
"aggregator.inter_frame_blocks.12.attn.qkv.weight", 
"aggregator.inter_frame_blocks.12.attn.qkv.bias", 
"aggregator.inter_frame_blocks.12.attn.qkv.bias_mask", 
"aggregator.inter_frame_blocks.12.attn.proj.weight", 
"aggregator.inter_frame_blocks.12.attn.proj.bias", 
"aggregator.inter_frame_blocks.12.ls1.gamma", 
"aggregator.inter_frame_blocks.12.norm2.weight", 
"aggregator.inter_frame_blocks.12.norm2.bias", 
"aggregator.inter_frame_blocks.12.mlp.fc1.weight", 
"aggregator.inter_frame_blocks.12.mlp.fc1.bias", 
"aggregator.inter_frame_blocks.12.mlp.fc2.weight", 
"aggregator.inter_frame_blocks.12.mlp.fc2.bias", 
"aggregator.inter_frame_blocks.12.ls2.gamma", 
"aggregator.inter_frame_blocks.13.norm1.weight", 
"aggregator.inter_frame_blocks.13.norm1.bias", 
"aggregator.inter_frame_blocks.13.attn.q_norm.weight", 
"aggregator.inter_frame_blocks.13.attn.q_norm.bias", 
"aggregator.inter_frame_blocks.13.attn.k_norm.weight", 
"aggregator.inter_frame_blocks.13.attn.k_norm.bias", 
"aggregator.inter_frame_blocks.13.attn.qkv.weight", 
"aggregator.inter_frame_blocks.13.attn.qkv.bias", 
"aggregator.inter_frame_blocks.13.attn.qkv.bias_mask", 
"aggregator.inter_frame_blocks.13.attn.proj.weight", 
"aggregator.inter_frame_blocks.13.attn.proj.bias", 
"aggregator.inter_frame_blocks.13.ls1.gamma", 
"aggregator.inter_frame_blocks.13.norm2.weight", 
"aggregator.inter_frame_blocks.13.norm2.bias", 
"aggregator.inter_frame_blocks.13.mlp.fc1.weight", 
"aggregator.inter_frame_blocks.13.mlp.fc1.bias", 
"aggregator.inter_frame_blocks.13.mlp.fc2.weight", 
"aggregator.inter_frame_blocks.13.mlp.fc2.bias", 
"aggregator.inter_frame_blocks.13.ls2.gamma", 
"aggregator.inter_frame_blocks.14.norm1.weight", 
"aggregator.inter_frame_blocks.14.norm1.bias", 
"aggregator.inter_frame_blocks.14.attn.q_norm.weight", 
"aggregator.inter_frame_blocks.14.attn.q_norm.bias", 
"aggregator.inter_frame_blocks.14.attn.k_norm.weight", 
"aggregator.inter_frame_blocks.14.attn.k_norm.bias", 
"aggregator.inter_frame_blocks.14.attn.qkv.weight", 
"aggregator.inter_frame_blocks.14.attn.qkv.bias", 
"aggregator.inter_frame_blocks.14.attn.qkv.bias_mask", 
"aggregator.inter_frame_blocks.14.attn.proj.weight", 
"aggregator.inter_frame_blocks.14.attn.proj.bias", 
"aggregator.inter_frame_blocks.14.ls1.gamma", 
"aggregator.inter_frame_blocks.14.norm2.weight", 
"aggregator.inter_frame_blocks.14.norm2.bias", 
"aggregator.inter_frame_blocks.14.mlp.fc1.weight", 
"aggregator.inter_frame_blocks.14.mlp.fc1.bias", 
"aggregator.inter_frame_blocks.14.mlp.fc2.weight", 
"aggregator.inter_frame_blocks.14.mlp.fc2.bias", 
"aggregator.inter_frame_blocks.14.ls2.gamma", 
"aggregator.inter_frame_blocks.15.norm1.weight", 
"aggregator.inter_frame_blocks.15.norm1.bias", 
"aggregator.inter_frame_blocks.15.attn.q_norm.weight", 
"aggregator.inter_frame_blocks.15.attn.q_norm.bias", 
"aggregator.inter_frame_blocks.15.attn.k_norm.weight", 
"aggregator.inter_frame_blocks.15.attn.k_norm.bias", 
"aggregator.inter_frame_blocks.15.attn.qkv.weight", 
"aggregator.inter_frame_blocks.15.attn.qkv.bias", 
"aggregator.inter_frame_blocks.15.attn.qkv.bias_mask", 
"aggregator.inter_frame_blocks.15.attn.proj.weight", 
"aggregator.inter_frame_blocks.15.attn.proj.bias", 
"aggregator.inter_frame_blocks.15.ls1.gamma", 
"aggregator.inter_frame_blocks.15.norm2.weight", 
"aggregator.inter_frame_blocks.15.norm2.bias", 
"aggregator.inter_frame_blocks.15.mlp.fc1.weight", 
"aggregator.inter_frame_blocks.15.mlp.fc1.bias", 
"aggregator.inter_frame_blocks.15.mlp.fc2.weight", 
"aggregator.inter_frame_blocks.15.mlp.fc2.bias", 
"aggregator.inter_frame_blocks.15.ls2.gamma", 
"aggregator.inter_frame_blocks.16.norm1.weight", 
"aggregator.inter_frame_blocks.16.norm1.bias", 
"aggregator.inter_frame_blocks.16.attn.q_norm.weight", 
"aggregator.inter_frame_blocks.16.attn.q_norm.bias", 
"aggregator.inter_frame_blocks.16.attn.k_norm.weight", 
"aggregator.inter_frame_blocks.16.attn.k_norm.bias", 
"aggregator.inter_frame_blocks.16.attn.qkv.weight", 
"aggregator.inter_frame_blocks.16.attn.qkv.bias", 
"aggregator.inter_frame_blocks.16.attn.qkv.bias_mask", 
"aggregator.inter_frame_blocks.16.attn.proj.weight", 
"aggregator.inter_frame_blocks.16.attn.proj.bias", 
"aggregator.inter_frame_blocks.16.ls1.gamma", 
"aggregator.inter_frame_blocks.16.norm2.weight", 
"aggregator.inter_frame_blocks.16.norm2.bias", 
"aggregator.inter_frame_blocks.16.mlp.fc1.weight", 
"aggregator.inter_frame_blocks.16.mlp.fc1.bias", 
"aggregator.inter_frame_blocks.16.mlp.fc2.weight", 
"aggregator.inter_frame_blocks.16.mlp.fc2.bias", 
"aggregator.inter_frame_blocks.16.ls2.gamma", 
"aggregator.inter_frame_blocks.17.norm1.weight", 
"aggregator.inter_frame_blocks.17.norm1.bias", 
"aggregator.inter_frame_blocks.17.attn.q_norm.weight", 
"aggregator.inter_frame_blocks.17.attn.q_norm.bias", 
"aggregator.inter_frame_blocks.17.attn.k_norm.weight", 
"aggregator.inter_frame_blocks.17.attn.k_norm.bias", 
"aggregator.inter_frame_blocks.17.attn.qkv.weight", 
"aggregator.inter_frame_blocks.17.attn.qkv.bias", 
"aggregator.inter_frame_blocks.17.attn.qkv.bias_mask", 
"aggregator.inter_frame_blocks.17.attn.proj.weight", 
"aggregator.inter_frame_blocks.17.attn.proj.bias", 
"aggregator.inter_frame_blocks.17.ls1.gamma", 
"aggregator.inter_frame_blocks.17.norm2.weight", 
"aggregator.inter_frame_blocks.17.norm2.bias", 
"aggregator.inter_frame_blocks.17.mlp.fc1.weight", 
"aggregator.inter_frame_blocks.17.mlp.fc1.bias", 
"aggregator.inter_frame_blocks.17.mlp.fc2.weight", 
"aggregator.inter_frame_blocks.17.mlp.fc2.bias", 
"aggregator.inter_frame_blocks.17.ls2.gamma", 
"aggregator.inter_frame_blocks.18.norm1.weight", 
"aggregator.inter_frame_blocks.18.norm1.bias", 
"aggregator.inter_frame_blocks.18.attn.q_norm.weight", 
"aggregator.inter_frame_blocks.18.attn.q_norm.bias", 
"aggregator.inter_frame_blocks.18.attn.k_norm.weight", 
"aggregator.inter_frame_blocks.18.attn.k_norm.bias", 
"aggregator.inter_frame_blocks.18.attn.qkv.weight", 
"aggregator.inter_frame_blocks.18.attn.qkv.bias", 
"aggregator.inter_frame_blocks.18.attn.qkv.bias_mask", 
"aggregator.inter_frame_blocks.18.attn.proj.weight", 
"aggregator.inter_frame_blocks.18.attn.proj.bias", 
"aggregator.inter_frame_blocks.18.ls1.gamma", 
"aggregator.inter_frame_blocks.18.norm2.weight", 
"aggregator.inter_frame_blocks.18.norm2.bias", 
"aggregator.inter_frame_blocks.18.mlp.fc1.weight", 
"aggregator.inter_frame_blocks.18.mlp.fc1.bias", 
"aggregator.inter_frame_blocks.18.mlp.fc2.weight", 
"aggregator.inter_frame_blocks.18.mlp.fc2.bias", 
"aggregator.inter_frame_blocks.18.ls2.gamma", 
"aggregator.inter_frame_blocks.19.norm1.weight", 
"aggregator.inter_frame_blocks.19.norm1.bias", 
"aggregator.inter_frame_blocks.19.attn.q_norm.weight", 
"aggregator.inter_frame_blocks.19.attn.q_norm.bias", 
"aggregator.inter_frame_blocks.19.attn.k_norm.weight", 
"aggregator.inter_frame_blocks.19.attn.k_norm.bias", 
"aggregator.inter_frame_blocks.19.attn.qkv.weight", 
"aggregator.inter_frame_blocks.19.attn.qkv.bias", 
"aggregator.inter_frame_blocks.19.attn.qkv.bias_mask", 
"aggregator.inter_frame_blocks.19.attn.proj.weight", 
"aggregator.inter_frame_blocks.19.attn.proj.bias", 
"aggregator.inter_frame_blocks.19.ls1.gamma", 
"aggregator.inter_frame_blocks.19.norm2.weight", 
"aggregator.inter_frame_blocks.19.norm2.bias", 
"aggregator.inter_frame_blocks.19.mlp.fc1.weight", 
"aggregator.inter_frame_blocks.19.mlp.fc1.bias", 
"aggregator.inter_frame_blocks.19.mlp.fc2.weight", 
"aggregator.inter_frame_blocks.19.mlp.fc2.bias", 
"aggregator.inter_frame_blocks.19.ls2.gamma", 
"aggregator.inter_frame_blocks.20.norm1.weight", 
"aggregator.inter_frame_blocks.20.norm1.bias", 
"aggregator.inter_frame_blocks.20.attn.q_norm.weight", 
"aggregator.inter_frame_blocks.20.attn.q_norm.bias", 
"aggregator.inter_frame_blocks.20.attn.k_norm.weight", 
"aggregator.inter_frame_blocks.20.attn.k_norm.bias", 
"aggregator.inter_frame_blocks.20.attn.qkv.weight", 
"aggregator.inter_frame_blocks.20.attn.qkv.bias", 
"aggregator.inter_frame_blocks.20.attn.qkv.bias_mask", 
"aggregator.inter_frame_blocks.20.attn.proj.weight", 
"aggregator.inter_frame_blocks.20.attn.proj.bias", 
"aggregator.inter_frame_blocks.20.ls1.gamma", 
"aggregator.inter_frame_blocks.20.norm2.weight", 
"aggregator.inter_frame_blocks.20.norm2.bias", 
"aggregator.inter_frame_blocks.20.mlp.fc1.weight", 
"aggregator.inter_frame_blocks.20.mlp.fc1.bias", 
"aggregator.inter_frame_blocks.20.mlp.fc2.weight", 
"aggregator.inter_frame_blocks.20.mlp.fc2.bias", 
"aggregator.inter_frame_blocks.20.ls2.gamma", 
"aggregator.inter_frame_blocks.21.norm1.weight", 
"aggregator.inter_frame_blocks.21.norm1.bias", 
"aggregator.inter_frame_blocks.21.attn.q_norm.weight", 
"aggregator.inter_frame_blocks.21.attn.q_norm.bias", 
"aggregator.inter_frame_blocks.21.attn.k_norm.weight", 
"aggregator.inter_frame_blocks.21.attn.k_norm.bias", 
"aggregator.inter_frame_blocks.21.attn.qkv.weight", 
"aggregator.inter_frame_blocks.21.attn.qkv.bias", 
"aggregator.inter_frame_blocks.21.attn.qkv.bias_mask", 
"aggregator.inter_frame_blocks.21.attn.proj.weight", 
"aggregator.inter_frame_blocks.21.attn.proj.bias", 
"aggregator.inter_frame_blocks.21.ls1.gamma", 
"aggregator.inter_frame_blocks.21.norm2.weight", 
"aggregator.inter_frame_blocks.21.norm2.bias", 
"aggregator.inter_frame_blocks.21.mlp.fc1.weight", 
"aggregator.inter_frame_blocks.21.mlp.fc1.bias", 
"aggregator.inter_frame_blocks.21.mlp.fc2.weight", 
"aggregator.inter_frame_blocks.21.mlp.fc2.bias", 
"aggregator.inter_frame_blocks.21.ls2.gamma", 
"aggregator.inter_frame_blocks.22.norm1.weight", 
"aggregator.inter_frame_blocks.22.norm1.bias", 
"aggregator.inter_frame_blocks.22.attn.q_norm.weight", 
"aggregator.inter_frame_blocks.22.attn.q_norm.bias", 
"aggregator.inter_frame_blocks.22.attn.k_norm.weight", 
"aggregator.inter_frame_blocks.22.attn.k_norm.bias", 
"aggregator.inter_frame_blocks.22.attn.qkv.weight", 
"aggregator.inter_frame_blocks.22.attn.qkv.bias", 
"aggregator.inter_frame_blocks.22.attn.qkv.bias_mask", 
"aggregator.inter_frame_blocks.22.attn.proj.weight", 
"aggregator.inter_frame_blocks.22.attn.proj.bias", 
"aggregator.inter_frame_blocks.22.ls1.gamma", 
"aggregator.inter_frame_blocks.22.norm2.weight", 
"aggregator.inter_frame_blocks.22.norm2.bias", 
"aggregator.inter_frame_blocks.22.mlp.fc1.weight", 
"aggregator.inter_frame_blocks.22.mlp.fc1.bias", 
"aggregator.inter_frame_blocks.22.mlp.fc2.weight", 
"aggregator.inter_frame_blocks.22.mlp.fc2.bias", 
"aggregator.inter_frame_blocks.22.ls2.gamma", 
"aggregator.inter_frame_blocks.23.norm1.weight", 
"aggregator.inter_frame_blocks.23.norm1.bias", 
"aggregator.inter_frame_blocks.23.attn.q_norm.weight", 
"aggregator.inter_frame_blocks.23.attn.q_norm.bias", 
"aggregator.inter_frame_blocks.23.attn.k_norm.weight", 
"aggregator.inter_frame_blocks.23.attn.k_norm.bias", 
"aggregator.inter_frame_blocks.23.attn.qkv.weight", 
"aggregator.inter_frame_blocks.23.attn.qkv.bias", 
"aggregator.inter_frame_blocks.23.attn.qkv.bias_mask", 
"aggregator.inter_frame_blocks.23.attn.proj.weight", 
"aggregator.inter_frame_blocks.23.attn.proj.bias", 
"aggregator.inter_frame_blocks.23.ls1.gamma", 
"aggregator.inter_frame_blocks.23.norm2.weight", 
"aggregator.inter_frame_blocks.23.norm2.bias", 
"aggregator.inter_frame_blocks.23.mlp.fc1.weight", 
"aggregator.inter_frame_blocks.23.mlp.fc1.bias", 
"aggregator.inter_frame_blocks.23.mlp.fc2.weight", 
"aggregator.inter_frame_blocks.23.mlp.fc2.bias", 
"aggregator.inter_frame_blocks.23.ls2.gamma", 
"aggregator.patch_embed.storage_tokens", "aggregator.patch_embed.mask_token", 
"aggregator.patch_embed.rope_embed.periods", 
"aggregator.patch_embed.blocks.0.attn.qkv.bias_mask", 
"aggregator.patch_embed.blocks.1.attn.qkv.bias_mask", 
"aggregator.patch_embed.blocks.2.attn.qkv.bias_mask", 
"aggregator.patch_embed.blocks.3.attn.qkv.bias_mask", 
"aggregator.patch_embed.blocks.4.attn.qkv.bias_mask", 
"aggregator.patch_embed.blocks.5.attn.qkv.bias_mask", 
"aggregator.patch_embed.blocks.6.attn.qkv.bias_mask", 
"aggregator.patch_embed.blocks.7.attn.qkv.bias_mask", 
"aggregator.patch_embed.blocks.8.attn.qkv.bias_mask", 
"aggregator.patch_embed.blocks.9.attn.qkv.bias_mask", 
"aggregator.patch_embed.blocks.10.attn.qkv.bias_mask", 
"aggregator.patch_embed.blocks.11.attn.qkv.bias_mask", 
"aggregator.patch_embed.blocks.12.attn.qkv.bias_mask", 
"aggregator.patch_embed.blocks.13.attn.qkv.bias_mask", 
"aggregator.patch_embed.blocks.14.attn.qkv.bias_mask", 
"aggregator.patch_embed.blocks.15.attn.qkv.bias_mask", 
"aggregator.patch_embed.blocks.16.attn.qkv.bias_mask", 
"aggregator.patch_embed.blocks.17.attn.qkv.bias_mask", 
"aggregator.patch_embed.blocks.18.attn.qkv.bias_mask", 
"aggregator.patch_embed.blocks.19.attn.qkv.bias_mask", 
"aggregator.patch_embed.blocks.20.attn.qkv.bias_mask", 
"aggregator.patch_embed.blocks.21.attn.qkv.bias_mask", 
"aggregator.patch_embed.blocks.22.attn.qkv.bias_mask", 
"aggregator.patch_embed.blocks.23.attn.qkv.bias_mask", 
"aggregator.frame_blocks.0.attn.qkv.bias_mask", 
"aggregator.frame_blocks.1.attn.qkv.bias_mask", 
"aggregator.frame_blocks.2.attn.qkv.bias_mask", 
"aggregator.frame_blocks.3.attn.qkv.bias_mask", 
"aggregator.frame_blocks.4.attn.qkv.bias_mask", 
"aggregator.frame_blocks.5.attn.qkv.bias_mask", 
"aggregator.frame_blocks.6.attn.qkv.bias_mask", 
"aggregator.frame_blocks.7.attn.qkv.bias_mask", 
"aggregator.frame_blocks.8.attn.qkv.bias_mask", 
"aggregator.frame_blocks.9.attn.qkv.bias_mask", 
"aggregator.frame_blocks.10.attn.qkv.bias_mask", 
"aggregator.frame_blocks.11.attn.qkv.bias_mask", 
"aggregator.frame_blocks.12.attn.qkv.bias_mask", 
"aggregator.frame_blocks.13.attn.qkv.bias_mask", 
"aggregator.frame_blocks.14.attn.qkv.bias_mask", 
"aggregator.frame_blocks.15.attn.qkv.bias_mask", 
"aggregator.frame_blocks.16.attn.qkv.bias_mask", 
"aggregator.frame_blocks.17.attn.qkv.bias_mask", 
"aggregator.frame_blocks.18.attn.qkv.bias_mask", 
"aggregator.frame_blocks.19.attn.qkv.bias_mask", 
"aggregator.frame_blocks.20.attn.qkv.bias_mask", 
"aggregator.frame_blocks.21.attn.qkv.bias_mask", 
"aggregator.frame_blocks.22.attn.qkv.bias_mask", 
"aggregator.frame_blocks.23.attn.qkv.bias_mask", 
"camera_head.camera_branch.0.weight", "camera_head.camera_branch.0.bias", 
"camera_head.camera_branch.2.weight", "camera_head.camera_branch.2.bias", 
"camera_head.trunk.0.attn.qkv.bias_mask", 
"camera_head.trunk.1.attn.qkv.bias_mask", 
"camera_head.trunk.2.attn.qkv.bias_mask", 
"camera_head.trunk.3.attn.qkv.bias_mask". 
        size mismatch for aggregator.register_token: copying a param with shape 
torch.Size([1, 2, 16, 1024]) from checkpoint, the shape in current model is 
torch.Size([1, 2, 4, 1024]).
        size mismatch for aggregator.patch_embed.patch_embed.proj.weight: 
copying a param with shape torch.Size([1024, 3, 16, 16]) from checkpoint, the 
shape in current model is torch.Size([1024, 3, 14, 14]).
